Dataset folder: ./data/lmdb/mimic_iii
Checkpoint folder: ./checkpoints/unet/unet-UNet-2025_06_02-10_23_41
Tensorboard folder: ./tensorboard/unet/unet-UNet-2025_06_02-10_23_41
Figure folder: ./tensorboard/unet/unet-UNet-2025_06_02-10_23_41
Configuration for the run:
{'attention_type': 'self_attention',
 'aug_prob': 0.5,
 'augmentation_types': 'jitter,scaling,magnitude_warp,flip',
 'batch_size': 128,
 'bidirectional': True,
 'channels': '32, '
             '64, '
             '128, '
             '256, '
             '512',
 'checkpoint_path': './checkpoints/unet/unet-UNet-2025_06_02-10_23_41',
 'criterion': 'SmoothL1Loss',
 'dataset_folder': './data/lmdb',
 'dataset_name': 'mimic_iii',
 'dim_feedforward': 128,
 'dim_feedforward_attention': 128,
 'ecg': True,
 'embed_dim': 32,
 'enable_amp': False,
 'es_enable': False,
 'es_min_delta': 0.01,
 'es_patience': 10,
 'eval_every_n_epochs': 1,
 'expname': 'unet',
 'figure_path': './figs/unet/unet-UNet-2025_06_02-10_23_41',
 'fold': 0,
 'fs': 125,
 'gpu': '0',
 'hidden_dim': 128,
 'input_seq_len_s': 5,
 'kernel_size': 3,
 'l2norm': 0.001,
 'lambda_contrastive': 0.0,
 'lambda_cwg': 0.0,
 'lambda_msr': 0.0,
 'lambda_ortho': 0.0,
 'lambda_supervised': 1.0,
 'loader_worker': 4,
 'lp_dataset_name': 'test',
 'lr': 0.001,
 'lr_scheduler_enable': True,
 'lr_scheduler_min_lr': 0.0001,
 'lr_scheduler_type': 'ExponentialLR',
 'lr_scheduler_warmup': 0,
 'lrsched_gamma': 0.5,
 'lrsched_step': '5, '
                 '10, '
                 '15, '
                 '20, '
                 '40',
 'masking_ratio': 0.08,
 'max_lp_training_epochs': 75,
 'max_training_epochs': 50,
 'mix_pretraining_subject_samples': True,
 'model': 'models.UNet',
 'model_name': 'UNet',
 'num_encoder_layers': 2,
 'num_heads': 8,
 'num_heads_attention': 1,
 'num_layers': 2,
 'optimizer_type': 'Adam',
 'personalization_sample_number': 100,
 'ppg_derivatives': False,
 'ppg_emd': False,
 'ppg_freqs': False,
 'pretrained_model_checkpoint': './checkpoints',
 'pretraining_ratio': 0.8,
 'pretraining_tr_val_tt_split_ratio': '0.7,0.1,0.2',
 'proj_head_dim': 256,
 'proj_hidden_dim': 512,
 'resp': False,
 'resume': '',
 'seed': 42,
 'sgd_momentum': 0.9,
 'sig2sig': True,
 'smoothl1loss_beta': 5,
 'ssl': False,
 'temperature': 0.0,
 'tensorboard_path': './tensorboard/unet/unet-UNet-2025_06_02-10_23_41'}
PhysioDataset initialized with following configuration:
{'Pretraining Ratio': 0.8,
 'Samples': 594333,
 'Subjects': {'Personalization': 305, 'Pretraining': 1219, 'Total': 1524}}
PhysioDataset get_pretraining_samplers
Pretraining train/val/test sets samples are sampled from the same subject set
{'Pretraining Samples (# per split)': {'Test': 95083,
                                       'Train': 332770,
                                       'Valid': 47536}}
Trainable parameters: 5098529 / 5098529 (100.00%)
Non-trainable parameters: 0 / 5098529 (0.00%)
Epoch 1/50 - Train Loss 12.4840, Val Loss 9.7890
Epoch 0 - checkpoint saved in ./checkpoints/unet/unet-UNet-2025_06_02-10_23_41/unet/ckpt
Epoch 2/50 - Train Loss 9.3416, Val Loss 8.3612
Epoch 1 - checkpoint saved in ./checkpoints/unet/unet-UNet-2025_06_02-10_23_41/unet/ckpt
Epoch 3/50 - Train Loss 7.8786, Val Loss 7.3848
Epoch 2 - checkpoint saved in ./checkpoints/unet/unet-UNet-2025_06_02-10_23_41/unet/ckpt
Epoch 4/50 - Train Loss 6.8483, Val Loss 6.6810
Epoch 3 - checkpoint saved in ./checkpoints/unet/unet-UNet-2025_06_02-10_23_41/unet/ckpt
Epoch 5/50 - Train Loss 6.1744, Val Loss 6.2077
Epoch 4 - checkpoint saved in ./checkpoints/unet/unet-UNet-2025_06_02-10_23_41/unet/ckpt
Epoch 6/50 - Train Loss 5.7111, Val Loss 5.8247
Epoch 5 - checkpoint saved in ./checkpoints/unet/unet-UNet-2025_06_02-10_23_41/unet/ckpt
Epoch 7/50 - Train Loss 5.3831, Val Loss 5.4436
Epoch 6 - checkpoint saved in ./checkpoints/unet/unet-UNet-2025_06_02-10_23_41/unet/ckpt
Epoch 8/50 - Train Loss 5.1205, Val Loss 5.2073
Epoch 7 - checkpoint saved in ./checkpoints/unet/unet-UNet-2025_06_02-10_23_41/unet/ckpt
Epoch 9/50 - Train Loss 4.9157, Val Loss 5.0497
Epoch 8 - checkpoint saved in ./checkpoints/unet/unet-UNet-2025_06_02-10_23_41/unet/ckpt
Epoch 10/50 - Train Loss 4.7389, Val Loss 4.9409
Epoch 9 - checkpoint saved in ./checkpoints/unet/unet-UNet-2025_06_02-10_23_41/unet/ckpt
Epoch 11/50 - Train Loss 4.5719, Val Loss 4.7970
Epoch 10 - checkpoint saved in ./checkpoints/unet/unet-UNet-2025_06_02-10_23_41/unet/ckpt
Epoch 12/50 - Train Loss 4.4230, Val Loss 4.7868
Epoch 11 - checkpoint saved in ./checkpoints/unet/unet-UNet-2025_06_02-10_23_41/unet/ckpt
Epoch 13/50 - Train Loss 4.2909, Val Loss 4.5186
Epoch 12 - checkpoint saved in ./checkpoints/unet/unet-UNet-2025_06_02-10_23_41/unet/ckpt
Epoch 14/50 - Train Loss 4.1729, Val Loss 4.5553
Epoch 15/50 - Train Loss 4.0689, Val Loss 4.3930
Epoch 14 - checkpoint saved in ./checkpoints/unet/unet-UNet-2025_06_02-10_23_41/unet/ckpt
Epoch 16/50 - Train Loss 3.9735, Val Loss 4.2926
Epoch 15 - checkpoint saved in ./checkpoints/unet/unet-UNet-2025_06_02-10_23_41/unet/ckpt
Epoch 17/50 - Train Loss 3.8862, Val Loss 4.2805
Epoch 16 - checkpoint saved in ./checkpoints/unet/unet-UNet-2025_06_02-10_23_41/unet/ckpt
Epoch 18/50 - Train Loss 3.8023, Val Loss 4.2165
Epoch 17 - checkpoint saved in ./checkpoints/unet/unet-UNet-2025_06_02-10_23_41/unet/ckpt
Epoch 19/50 - Train Loss 3.7232, Val Loss 4.1665
Epoch 18 - checkpoint saved in ./checkpoints/unet/unet-UNet-2025_06_02-10_23_41/unet/ckpt
Epoch 20/50 - Train Loss 3.6480, Val Loss 4.0968
Epoch 19 - checkpoint saved in ./checkpoints/unet/unet-UNet-2025_06_02-10_23_41/unet/ckpt
Epoch 21/50 - Train Loss 3.5805, Val Loss 4.0417
Epoch 20 - checkpoint saved in ./checkpoints/unet/unet-UNet-2025_06_02-10_23_41/unet/ckpt
Epoch 22/50 - Train Loss 3.5126, Val Loss 3.9711
Epoch 21 - checkpoint saved in ./checkpoints/unet/unet-UNet-2025_06_02-10_23_41/unet/ckpt
Epoch 23/50 - Train Loss 3.4499, Val Loss 3.9232
Epoch 22 - checkpoint saved in ./checkpoints/unet/unet-UNet-2025_06_02-10_23_41/unet/ckpt
Epoch 24/50 - Train Loss 3.3884, Val Loss 3.9105
Epoch 23 - checkpoint saved in ./checkpoints/unet/unet-UNet-2025_06_02-10_23_41/unet/ckpt
Epoch 25/50 - Train Loss 3.3354, Val Loss 3.8176
Epoch 24 - checkpoint saved in ./checkpoints/unet/unet-UNet-2025_06_02-10_23_41/unet/ckpt
Epoch 26/50 - Train Loss 3.2788, Val Loss 3.7976
Epoch 25 - checkpoint saved in ./checkpoints/unet/unet-UNet-2025_06_02-10_23_41/unet/ckpt
Epoch 27/50 - Train Loss 3.2280, Val Loss 3.8100
Epoch 28/50 - Train Loss 3.1810, Val Loss 3.7356
Epoch 27 - checkpoint saved in ./checkpoints/unet/unet-UNet-2025_06_02-10_23_41/unet/ckpt
Epoch 29/50 - Train Loss 3.1331, Val Loss 3.7552
Epoch 30/50 - Train Loss 3.0806, Val Loss 3.6971
Epoch 29 - checkpoint saved in ./checkpoints/unet/unet-UNet-2025_06_02-10_23_41/unet/ckpt
Epoch 31/50 - Train Loss 3.0386, Val Loss 3.6526
Epoch 30 - checkpoint saved in ./checkpoints/unet/unet-UNet-2025_06_02-10_23_41/unet/ckpt
Epoch 32/50 - Train Loss 2.9956, Val Loss 3.6574
Epoch 33/50 - Train Loss 2.9546, Val Loss 3.6888
Epoch 34/50 - Train Loss 2.9180, Val Loss 3.6002
Epoch 33 - checkpoint saved in ./checkpoints/unet/unet-UNet-2025_06_02-10_23_41/unet/ckpt
Epoch 35/50 - Train Loss 2.8759, Val Loss 3.5701
Epoch 34 - checkpoint saved in ./checkpoints/unet/unet-UNet-2025_06_02-10_23_41/unet/ckpt
Epoch 36/50 - Train Loss 2.8406, Val Loss 3.5522
Epoch 35 - checkpoint saved in ./checkpoints/unet/unet-UNet-2025_06_02-10_23_41/unet/ckpt
Epoch 37/50 - Train Loss 2.8039, Val Loss 3.5293
Epoch 36 - checkpoint saved in ./checkpoints/unet/unet-UNet-2025_06_02-10_23_41/unet/ckpt
Epoch 38/50 - Train Loss 2.7708, Val Loss 3.5144
Epoch 37 - checkpoint saved in ./checkpoints/unet/unet-UNet-2025_06_02-10_23_41/unet/ckpt
Epoch 39/50 - Train Loss 2.7376, Val Loss 3.5267
Epoch 40/50 - Train Loss 2.7066, Val Loss 3.4571
Epoch 39 - checkpoint saved in ./checkpoints/unet/unet-UNet-2025_06_02-10_23_41/unet/ckpt
Epoch 41/50 - Train Loss 2.6787, Val Loss 3.4604
Epoch 42/50 - Train Loss 2.6508, Val Loss 3.4435
Epoch 41 - checkpoint saved in ./checkpoints/unet/unet-UNet-2025_06_02-10_23_41/unet/ckpt
Epoch 43/50 - Train Loss 2.6181, Val Loss 3.4444
Epoch 44/50 - Train Loss 2.5936, Val Loss 3.4261
Epoch 43 - checkpoint saved in ./checkpoints/unet/unet-UNet-2025_06_02-10_23_41/unet/ckpt
Epoch 45/50 - Train Loss 2.5660, Val Loss 3.4314
Epoch 46/50 - Train Loss 2.5403, Val Loss 3.4425
Epoch 47/50 - Train Loss 2.5179, Val Loss 3.3979
Epoch 46 - checkpoint saved in ./checkpoints/unet/unet-UNet-2025_06_02-10_23_41/unet/ckpt
Epoch 48/50 - Train Loss 2.4945, Val Loss 3.4115
Epoch 49/50 - Train Loss 2.4712, Val Loss 3.3827
Epoch 48 - checkpoint saved in ./checkpoints/unet/unet-UNet-2025_06_02-10_23_41/unet/ckpt
Epoch 50/50 - Train Loss 2.4519, Val Loss 3.4008
Checkpoint loaded from ./checkpoints/unet/unet-UNet-2025_06_02-10_23_41/unet/ckpt/UNet
Loaded checkpoint from validation on epoch 48: 3.382674654177727
SBP MAE μ 5.397979259490967 ±  5.275842189788818 / ME μ 0.5660484433174133 ± 7.526771068572998
DBP MAE μ 2.6119232177734375 ±  2.6687591075897217 / ME μ -0.4343946874141693 ± 3.7088701725006104
BHS grading standard:
		 ≤ 5 	 ≤ 10 	 ≤ 15
	 Grade A 60% 	 85% 	 95%
	 Grade B 50% 	 75% 	 90%
	 Grade C 40% 	 65% 	 85%
SBP:
		 59.66471398672738% 	 85.92387703374946% 	 94.62364460523963%
BHS standard grade for SBP: B
BHS grading standard:
		 ≤ 5 	 ≤ 10 	 ≤ 15
	 Grade A 60% 	 85% 	 95%
	 Grade B 50% 	 75% 	 90%
	 Grade C 40% 	 65% 	 85%
DBP:
		 86.88934930534376% 	 97.86923004112197% 	 99.45731623949602%
BHS standard grade for DBP: A
AAMI grade for SBP: Acceptable
AAMI grade for DBP: Acceptable
Pretraining completed, best model and configuration saved in ./checkpoints/unet/unet-UNet-2025_06_02-10_23_41
