=====================================================================================================================================================================
Layer (type:depth-idx)                   Input Shape               Output Shape              Param #                   Param %                   Mult-Adds
=====================================================================================================================================================================
UNet                                     [128, 625, 2]             [128, 625]                --                             --                   --
├─ModuleList: 1-1                        --                        --                        --                             --                   --
│    └─ResidualBlock1D: 2-1              [128, 2, 625]             [128, 32, 625]            --                             --                   --
│    │    └─Sequential: 3-1              [128, 2, 625]             [128, 32, 625]            160                         0.00%                   7,688,192
│    │    └─Conv1d: 3-2                  [128, 2, 625]             [128, 32, 625]            224                         0.00%                   17,920,000
│    │    └─BatchNorm1d: 3-3             [128, 32, 625]            [128, 32, 625]            64                          0.00%                   8,192
│    │    └─ReLU: 3-4                    [128, 32, 625]            [128, 32, 625]            --                             --                   --
│    │    └─Conv1d: 3-5                  [128, 32, 625]            [128, 32, 625]            3,104                       0.06%                   248,320,000
│    └─ResidualBlock1D: 2-2              [128, 32, 625]            [128, 64, 313]            --                             --                   --
│    │    └─Sequential: 3-6              [128, 32, 625]            [128, 64, 313]            2,240                       0.04%                   84,631,552
│    │    └─Conv1d: 3-7                  [128, 32, 625]            [128, 64, 313]            6,208                       0.12%                   248,717,312
│    │    └─BatchNorm1d: 3-8             [128, 64, 313]            [128, 64, 313]            128                         0.00%                   16,384
│    │    └─ReLU: 3-9                    [128, 64, 313]            [128, 64, 313]            --                             --                   --
│    │    └─Conv1d: 3-10                 [128, 64, 313]            [128, 64, 313]            12,352                      0.24%                   494,870,528
│    └─ResidualBlock1D: 2-3              [128, 64, 313]            [128, 128, 157]           --                             --                   --
│    │    └─Sequential: 3-11             [128, 64, 313]            [128, 128, 157]           8,576                       0.17%                   167,231,488
│    │    └─Conv1d: 3-12                 [128, 64, 313]            [128, 128, 157]           24,704                      0.48%                   496,451,584
│    │    └─BatchNorm1d: 3-13            [128, 128, 157]           [128, 128, 157]           256                         0.01%                   32,768
│    │    └─ReLU: 3-14                   [128, 128, 157]           [128, 128, 157]           --                             --                   --
│    │    └─Conv1d: 3-15                 [128, 128, 157]           [128, 128, 157]           49,280                      0.97%                   990,330,880
│    └─ResidualBlock1D: 2-4              [128, 128, 157]           [128, 256, 79]            --                             --                   --
│    │    └─Sequential: 3-16             [128, 128, 157]           [128, 256, 79]            33,536                      0.66%                   334,004,224
│    │    └─Conv1d: 3-17                 [128, 128, 157]           [128, 256, 79]            98,560                      1.93%                   996,638,720
│    │    └─BatchNorm1d: 3-18            [128, 256, 79]            [128, 256, 79]            512                         0.01%                   65,536
│    │    └─ReLU: 3-19                   [128, 256, 79]            [128, 256, 79]            --                             --                   --
│    │    └─Conv1d: 3-20                 [128, 256, 79]            [128, 256, 79]            196,864                     3.86%                   1,990,688,768
│    └─ResidualBlock1D: 2-5              [128, 256, 79]            [128, 512, 40]            --                             --                   --
│    │    └─Sequential: 3-21             [128, 256, 79]            [128, 512, 40]            132,608                     2.60%                   673,841,152
│    │    └─Conv1d: 3-22                 [128, 256, 79]            [128, 512, 40]            393,728                     7.72%                   2,015,887,360
│    │    └─BatchNorm1d: 3-23            [128, 512, 40]            [128, 512, 40]            1,024                       0.02%                   131,072
│    │    └─ReLU: 3-24                   [128, 512, 40]            [128, 512, 40]            --                             --                   --
│    │    └─Conv1d: 3-25                 [128, 512, 40]            [128, 512, 40]            786,944                    15.43%                   4,029,153,280
├─BottleneckBlock1D: 1-2                 [128, 512, 40]            [128, 512, 40]            --                             --                   --
│    └─BatchNorm1d: 2-6                  [128, 512, 40]            [128, 512, 40]            1,024                       0.02%                   131,072
│    └─ReLU: 2-7                         [128, 512, 40]            [128, 512, 40]            --                             --                   --
│    └─Conv1d: 2-8                       [128, 512, 40]            [128, 512, 40]            786,944                    15.43%                   4,029,153,280
│    └─BatchNorm1d: 2-9                  [128, 512, 40]            [128, 512, 40]            1,024                       0.02%                   131,072
│    └─ReLU: 2-10                        [128, 512, 40]            [128, 512, 40]            --                             --                   --
│    └─Conv1d: 2-11                      [128, 512, 40]            [128, 512, 40]            786,944                    15.43%                   4,029,153,280
├─AttentionGate1D: 1-3                   [128, 512, 79]            [128, 256, 79]            --                             --                   --
│    └─Conv1d: 2-12                      [128, 512, 79]            [128, 256, 79]            131,328                     2.58%                   1,327,988,736
│    └─Conv1d: 2-13                      [128, 256, 79]            [128, 256, 79]            65,792                      1.29%                   665,288,704
│    └─Conv1d: 2-14                      [128, 256, 79]            [128, 256, 79]            65,792                      1.29%                   665,288,704
│    └─Softmax: 2-15                     [128, 79, 79]             [128, 79, 79]             --                             --                   --
│    └─Conv1d: 2-16                      [128, 256, 79]            [128, 256, 79]            65,792                      1.29%                   665,288,704
├─ModuleList: 1-10                       --                        --                        (recursive)               (recursive)               --
│    └─ResidualBlock1D: 2-17             [128, 768, 79]            [128, 256, 79]            --                             --                   --
│    │    └─Sequential: 3-26             [128, 768, 79]            [128, 256, 79]            197,376                     3.87%                   1,990,754,304
│    │    └─Conv1d: 3-27                 [128, 768, 79]            [128, 256, 79]            590,080                    11.57%                   5,966,888,960
│    │    └─BatchNorm1d: 3-28            [128, 256, 79]            [128, 256, 79]            512                         0.01%                   65,536
│    │    └─ReLU: 3-29                   [128, 256, 79]            [128, 256, 79]            --                             --                   --
│    │    └─Conv1d: 3-30                 [128, 256, 79]            [128, 256, 79]            196,864                     3.86%                   1,990,688,768
├─AttentionGate1D: 1-5                   [128, 256, 157]           [128, 128, 157]           --                             --                   --
│    └─Conv1d: 2-18                      [128, 256, 157]           [128, 128, 157]           32,896                      0.65%                   661,078,016
│    └─Conv1d: 2-19                      [128, 128, 157]           [128, 128, 157]           16,512                      0.32%                   331,825,152
│    └─Conv1d: 2-20                      [128, 128, 157]           [128, 128, 157]           16,512                      0.32%                   331,825,152
│    └─Softmax: 2-21                     [128, 157, 157]           [128, 157, 157]           --                             --                   --
│    └─Conv1d: 2-22                      [128, 128, 157]           [128, 128, 157]           16,512                      0.32%                   331,825,152
├─ModuleList: 1-10                       --                        --                        (recursive)               (recursive)               --
│    └─ResidualBlock1D: 2-23             [128, 384, 157]           [128, 128, 157]           --                             --                   --
│    │    └─Sequential: 3-31             [128, 384, 157]           [128, 128, 157]           49,536                      0.97%                   990,363,648
│    │    └─Conv1d: 3-32                 [128, 384, 157]           [128, 128, 157]           147,584                     2.89%                   2,965,848,064
│    │    └─BatchNorm1d: 3-33            [128, 128, 157]           [128, 128, 157]           256                         0.01%                   32,768
│    │    └─ReLU: 3-34                   [128, 128, 157]           [128, 128, 157]           --                             --                   --
│    │    └─Conv1d: 3-35                 [128, 128, 157]           [128, 128, 157]           49,280                      0.97%                   990,330,880
├─AttentionGate1D: 1-7                   [128, 128, 313]           [128, 64, 313]            --                             --                   --
│    └─Conv1d: 2-24                      [128, 128, 313]           [128, 64, 313]            8,256                       0.16%                   330,768,384
│    └─Conv1d: 2-25                      [128, 64, 313]            [128, 64, 313]            4,160                       0.08%                   166,666,240
│    └─Conv1d: 2-26                      [128, 64, 313]            [128, 64, 313]            4,160                       0.08%                   166,666,240
│    └─Softmax: 2-27                     [128, 313, 313]           [128, 313, 313]           --                             --                   --
│    └─Conv1d: 2-28                      [128, 64, 313]            [128, 64, 313]            4,160                       0.08%                   166,666,240
├─ModuleList: 1-10                       --                        --                        (recursive)               (recursive)               --
│    └─ResidualBlock1D: 2-29             [128, 192, 313]           [128, 64, 313]            --                             --                   --
│    │    └─Sequential: 3-36             [128, 192, 313]           [128, 64, 313]            12,480                      0.24%                   494,886,912
│    │    └─Conv1d: 3-37                 [128, 192, 313]           [128, 64, 313]            36,928                      0.72%                   1,479,483,392
│    │    └─BatchNorm1d: 3-38            [128, 64, 313]            [128, 64, 313]            128                         0.00%                   16,384
│    │    └─ReLU: 3-39                   [128, 64, 313]            [128, 64, 313]            --                             --                   --
│    │    └─Conv1d: 3-40                 [128, 64, 313]            [128, 64, 313]            12,352                      0.24%                   494,870,528
├─AttentionGate1D: 1-9                   [128, 64, 625]            [128, 32, 625]            --                             --                   --
│    └─Conv1d: 2-30                      [128, 64, 625]            [128, 32, 625]            2,080                       0.04%                   166,400,000
│    └─Conv1d: 2-31                      [128, 32, 625]            [128, 32, 625]            1,056                       0.02%                   84,480,000
│    └─Conv1d: 2-32                      [128, 32, 625]            [128, 32, 625]            1,056                       0.02%                   84,480,000
│    └─Softmax: 2-33                     [128, 625, 625]           [128, 625, 625]           --                             --                   --
│    └─Conv1d: 2-34                      [128, 32, 625]            [128, 32, 625]            1,056                       0.02%                   84,480,000
├─ModuleList: 1-10                       --                        --                        (recursive)               (recursive)               --
│    └─ResidualBlock1D: 2-35             [128, 96, 625]            [128, 32, 625]            --                             --                   --
│    │    └─Sequential: 3-41             [128, 96, 625]            [128, 32, 625]            3,168                       0.06%                   248,328,192
│    │    └─Conv1d: 3-42                 [128, 96, 625]            [128, 32, 625]            9,248                       0.18%                   739,840,000
│    │    └─BatchNorm1d: 3-43            [128, 32, 625]            [128, 32, 625]            64                          0.00%                   8,192
│    │    └─ReLU: 3-44                   [128, 32, 625]            [128, 32, 625]            --                             --                   --
│    │    └─Conv1d: 3-45                 [128, 32, 625]            [128, 32, 625]            3,104                       0.06%                   248,320,000
├─SelfAttentionBlock1D: 1-11             [128, 32, 625]            [128, 32, 625]            --                             --                   --
│    └─PositionalEncoding: 2-36          [128, 625, 32]            [128, 625, 32]            --                             --                   --
│    │    └─Dropout: 3-46                [128, 625, 32]            [128, 625, 32]            --                             --                   --
│    └─MultiheadAttention: 2-37          [128, 625, 32]            [128, 625, 32]            4,224                       0.08%                   --
│    └─Dropout: 2-38                     [128, 625, 32]            [128, 625, 32]            --                             --                   --
│    └─LayerNorm: 2-39                   [128, 625, 32]            [128, 625, 32]            64                          0.00%                   8,192
│    └─Linear: 2-40                      [128, 625, 32]            [128, 625, 128]           4,224                       0.08%                   540,672
│    └─ReLU: 2-41                        [128, 625, 128]           [128, 625, 128]           --                             --                   --
│    └─Dropout: 2-42                     [128, 625, 128]           [128, 625, 128]           --                             --                   --
│    └─Linear: 2-43                      [128, 625, 128]           [128, 625, 32]            4,128                       0.08%                   528,384
│    └─Dropout: 2-44                     [128, 625, 32]            [128, 625, 32]            --                             --                   --
│    └─LayerNorm: 2-45                   [128, 625, 32]            [128, 625, 32]            64                          0.00%                   8,192
├─SelfAttentionBlock1D: 1-12             [128, 32, 625]            [128, 32, 625]            --                             --                   --
│    └─PositionalEncoding: 2-46          [128, 625, 32]            [128, 625, 32]            --                             --                   --
│    │    └─Dropout: 3-47                [128, 625, 32]            [128, 625, 32]            --                             --                   --
│    └─MultiheadAttention: 2-47          [128, 625, 32]            [128, 625, 32]            4,224                       0.08%                   --
│    └─Dropout: 2-48                     [128, 625, 32]            [128, 625, 32]            --                             --                   --
│    └─LayerNorm: 2-49                   [128, 625, 32]            [128, 625, 32]            64                          0.00%                   8,192
│    └─Linear: 2-50                      [128, 625, 32]            [128, 625, 128]           4,224                       0.08%                   540,672
│    └─ReLU: 2-51                        [128, 625, 128]           [128, 625, 128]           --                             --                   --
│    └─Dropout: 2-52                     [128, 625, 128]           [128, 625, 128]           --                             --                   --
│    └─Linear: 2-53                      [128, 625, 128]           [128, 625, 32]            4,128                       0.08%                   528,384
│    └─Dropout: 2-54                     [128, 625, 32]            [128, 625, 32]            --                             --                   --
│    └─LayerNorm: 2-55                   [128, 625, 32]            [128, 625, 32]            64                          0.00%                   8,192
├─Conv1d: 1-13                           [128, 32, 625]            [128, 1, 625]             33                          0.00%                   2,640,000
=====================================================================================================================================================================
Total params: 5,098,529
Trainable params: 5,098,529
Non-trainable params: 0
Total mult-adds (G): 45.69
=====================================================================================================================================================================
Input size (MB): 0.64
Forward/backward pass size (MB): 1628.03
Params size (MB): 20.36
Estimated Total Size (MB): 1649.03
=====================================================================================================================================================================
[INFO] Register count_convNd() for <class 'torch.nn.modules.conv.Conv1d'>.
[INFO] Register count_normalization() for <class 'torch.nn.modules.batchnorm.BatchNorm1d'>.
[INFO] Register zero_ops() for <class 'torch.nn.modules.activation.ReLU'>.
[INFO] Register zero_ops() for <class 'torch.nn.modules.container.Sequential'>.
[INFO] Register count_softmax() for <class 'torch.nn.modules.activation.Softmax'>.
[INFO] Register zero_ops() for <class 'torch.nn.modules.dropout.Dropout'>.
[INFO] Register count_linear() for <class 'torch.nn.modules.linear.Linear'>.
[INFO] Register count_normalization() for <class 'torch.nn.modules.normalization.LayerNorm'>.
UNet has 5.0900810M params and 47.3300416G macs.
