Dataset folder: ./data/lmdb
Checkpoint folder: ./checkpoints/vanilla_gru/vanilla_gru-GRU-2025_05_28-17_39_44
Tensorboard folder: ./tensorboard/vanilla_gru/vanilla_gru-GRU-2025_05_28-17_39_44
Figure folder: ./tensorboard/vanilla_gru/vanilla_gru-GRU-2025_05_28-17_39_44
Configuration for the run:
{'aug': False,
 'batch_size': 128,
 'bidirectional': True,
 'channels': '32, '
             '64, '
             '128, '
             '256, '
             '512',
 'checkpoint_path': './checkpoints/vanilla_gru/vanilla_gru-GRU-2025_05_28-17_39_44',
 'criterion': 'SmoothL1Loss',
 'dataset_folder': './data/lmdb',
 'dataset_name': 'mimic_iii',
 'dim_feedforward': 128,
 'dim_feedforward_attention': 128,
 'ecg': True,
 'embed_dim': 32,
 'enable_amp': False,
 'es_enable': False,
 'es_min_delta': 0.01,
 'es_patience': 10,
 'eval_every_n_epochs': 1,
 'expname': 'vanilla_gru',
 'figure_path': './figs/vanilla_gru/vanilla_gru-GRU-2025_05_28-17_39_44',
 'fold': 0,
 'fs': 125,
 'gpu': '0',
 'hidden_dim': 128,
 'input_seq_len_s': 5,
 'kernel_size': 3,
 'l2norm': 0.001,
 'lambda_contrastive': 0.0,
 'lambda_ortho': 0.0,
 'lambda_supervised': 1.0,
 'loader_worker': 4,
 'lr': 0.001,
 'lr_linear_probe': 0.0005,
 'lr_personalization': 0.0005,
 'lr_scheduler_enable': True,
 'lr_scheduler_min_lr': 0.0001,
 'lr_scheduler_type': 'ExponentialLR',
 'lr_scheduler_warmup': 0,
 'lrsched_gamma': 0.5,
 'lrsched_step': '5, '
                 '10, '
                 '15, '
                 '20, '
                 '40',
 'max_training_epochs': 50,
 'mix_pretraining_subject_samples': True,
 'model': 'models.GRU',
 'model_name': 'GRU',
 'num_encoder_layers': 2,
 'num_heads': 8,
 'num_heads_attention': 1,
 'num_layers': 2,
 'optimizer_type': 'Adam',
 'personalization_sample_number': 100,
 'ppg_derivatives': False,
 'ppg_emd': False,
 'ppg_freqs': False,
 'pretraining_ratio': 0.8,
 'pretraining_tr_val_tt_split_ratio': '0.7,0.1,0.2',
 'proj_head_dim': 256,
 'resp': False,
 'resume': '',
 'return_embedding': False,
 'seed': 42,
 'set_tunable_params': 'all',
 'sgd_momentum': 0.9,
 'sig2sig': True,
 'smoothl1loss_beta': 5,
 'temperature': 0.0,
 'tensorboard_path': './tensorboard/vanilla_gru/vanilla_gru-GRU-2025_05_28-17_39_44'}
PhysioDataset initialized with following configuration:
{'Pretraining Ratio': 0.8,
 'Samples': 594333,
 'Subjects': {'Personalization': 305, 'Pretraining': 1219, 'Total': 1524}}
PhysioDataset get_pretraining_samplers
Pretraining train/val/test sets samples are sampled from the same subject set
{'Pretraining Samples (# per split)': {'Test': 95083,
                                       'Train': 332770,
                                       'Valid': 47536}}
Trainable parameters: 398081 / 398081 (100.00%)
Non-trainable parameters: 0 / 398081 (0.00%)
Epoch 1/50 - Train Loss 14.902711035648812, Val Loss 10.499074543336954
Epoch 0 - checkpoint saved in ./checkpoints/vanilla_gru/vanilla_gru-GRU-2025_05_28-17_39_44/vanilla_gru/ckpt
Epoch 2/50 - Train Loss 10.039827904871895, Val Loss 9.767278219946544
Epoch 1 - checkpoint saved in ./checkpoints/vanilla_gru/vanilla_gru-GRU-2025_05_28-17_39_44/vanilla_gru/ckpt
Epoch 3/50 - Train Loss 9.212392210711775, Val Loss 8.866112730873029
Epoch 2 - checkpoint saved in ./checkpoints/vanilla_gru/vanilla_gru-GRU-2025_05_28-17_39_44/vanilla_gru/ckpt
Epoch 4/50 - Train Loss 8.571490059692197, Val Loss 8.310970891569248
Epoch 3 - checkpoint saved in ./checkpoints/vanilla_gru/vanilla_gru-GRU-2025_05_28-17_39_44/vanilla_gru/ckpt
Epoch 5/50 - Train Loss 8.098094838882906, Val Loss 7.9068844861672885
Epoch 4 - checkpoint saved in ./checkpoints/vanilla_gru/vanilla_gru-GRU-2025_05_28-17_39_44/vanilla_gru/ckpt
Epoch 6/50 - Train Loss 7.662145591370384, Val Loss 7.360455534667609
Epoch 5 - checkpoint saved in ./checkpoints/vanilla_gru/vanilla_gru-GRU-2025_05_28-17_39_44/vanilla_gru/ckpt
Epoch 7/50 - Train Loss 7.310948943598868, Val Loss 7.260380045487318
Epoch 6 - checkpoint saved in ./checkpoints/vanilla_gru/vanilla_gru-GRU-2025_05_28-17_39_44/vanilla_gru/ckpt
Epoch 8/50 - Train Loss 7.018815569902414, Val Loss 7.006514283953512
Epoch 7 - checkpoint saved in ./checkpoints/vanilla_gru/vanilla_gru-GRU-2025_05_28-17_39_44/vanilla_gru/ckpt
Epoch 9/50 - Train Loss 6.888765164073902, Val Loss 6.947290183959365
Epoch 8 - checkpoint saved in ./checkpoints/vanilla_gru/vanilla_gru-GRU-2025_05_28-17_39_44/vanilla_gru/ckpt
Epoch 10/50 - Train Loss 6.574636848796018, Val Loss 6.538798779359533
Epoch 9 - checkpoint saved in ./checkpoints/vanilla_gru/vanilla_gru-GRU-2025_05_28-17_39_44/vanilla_gru/ckpt
Epoch 11/50 - Train Loss 6.377988803523175, Val Loss 6.279128558545031
Epoch 10 - checkpoint saved in ./checkpoints/vanilla_gru/vanilla_gru-GRU-2025_05_28-17_39_44/vanilla_gru/ckpt
Epoch 12/50 - Train Loss 6.214436660552464, Val Loss 6.3048145325646905
Epoch 13/50 - Train Loss 6.049615710834208, Val Loss 6.046714602315999
Epoch 12 - checkpoint saved in ./checkpoints/vanilla_gru/vanilla_gru-GRU-2025_05_28-17_39_44/vanilla_gru/ckpt
Epoch 14/50 - Train Loss 5.904633238943422, Val Loss 5.859051917707506
Epoch 13 - checkpoint saved in ./checkpoints/vanilla_gru/vanilla_gru-GRU-2025_05_28-17_39_44/vanilla_gru/ckpt
Epoch 15/50 - Train Loss 5.76976327930222, Val Loss 5.778559657147901
Epoch 14 - checkpoint saved in ./checkpoints/vanilla_gru/vanilla_gru-GRU-2025_05_28-17_39_44/vanilla_gru/ckpt
Epoch 16/50 - Train Loss 5.658329515190341, Val Loss 5.688443978681022
Epoch 15 - checkpoint saved in ./checkpoints/vanilla_gru/vanilla_gru-GRU-2025_05_28-17_39_44/vanilla_gru/ckpt
Epoch 17/50 - Train Loss 5.544005311697181, Val Loss 5.619866944932247
Epoch 16 - checkpoint saved in ./checkpoints/vanilla_gru/vanilla_gru-GRU-2025_05_28-17_39_44/vanilla_gru/ckpt
Epoch 18/50 - Train Loss 5.454986873866525, Val Loss 5.628240606673275
Epoch 19/50 - Train Loss 5.357374332198824, Val Loss 5.5241678339670255
Epoch 18 - checkpoint saved in ./checkpoints/vanilla_gru/vanilla_gru-GRU-2025_05_28-17_39_44/vanilla_gru/ckpt
Epoch 20/50 - Train Loss 5.26882792797628, Val Loss 5.387000796530874
Epoch 19 - checkpoint saved in ./checkpoints/vanilla_gru/vanilla_gru-GRU-2025_05_28-17_39_44/vanilla_gru/ckpt
Epoch 21/50 - Train Loss 5.194272227458814, Val Loss 5.308193788268437
Epoch 20 - checkpoint saved in ./checkpoints/vanilla_gru/vanilla_gru-GRU-2025_05_28-17_39_44/vanilla_gru/ckpt
Epoch 22/50 - Train Loss 5.1202563247253075, Val Loss 5.171455337238087
Epoch 21 - checkpoint saved in ./checkpoints/vanilla_gru/vanilla_gru-GRU-2025_05_28-17_39_44/vanilla_gru/ckpt
Epoch 23/50 - Train Loss 5.045294136064903, Val Loss 5.139995317353178
Epoch 22 - checkpoint saved in ./checkpoints/vanilla_gru/vanilla_gru-GRU-2025_05_28-17_39_44/vanilla_gru/ckpt
Epoch 24/50 - Train Loss 4.9822034270981845, Val Loss 5.087644753252285
Epoch 23 - checkpoint saved in ./checkpoints/vanilla_gru/vanilla_gru-GRU-2025_05_28-17_39_44/vanilla_gru/ckpt
Epoch 25/50 - Train Loss 4.92280788299545, Val Loss 5.073575376942679
Epoch 24 - checkpoint saved in ./checkpoints/vanilla_gru/vanilla_gru-GRU-2025_05_28-17_39_44/vanilla_gru/ckpt
Epoch 26/50 - Train Loss 4.863469450864331, Val Loss 5.044628960080758
Epoch 25 - checkpoint saved in ./checkpoints/vanilla_gru/vanilla_gru-GRU-2025_05_28-17_39_44/vanilla_gru/ckpt
Epoch 27/50 - Train Loss 4.809841255652029, Val Loss 4.901847968234714
Epoch 26 - checkpoint saved in ./checkpoints/vanilla_gru/vanilla_gru-GRU-2025_05_28-17_39_44/vanilla_gru/ckpt
Epoch 28/50 - Train Loss 4.759436318263715, Val Loss 4.899321464286914
Epoch 27 - checkpoint saved in ./checkpoints/vanilla_gru/vanilla_gru-GRU-2025_05_28-17_39_44/vanilla_gru/ckpt
Epoch 29/50 - Train Loss 4.712156267627829, Val Loss 4.934387065954218
Epoch 30/50 - Train Loss 4.6667264606257906, Val Loss 4.788920690779813
Epoch 29 - checkpoint saved in ./checkpoints/vanilla_gru/vanilla_gru-GRU-2025_05_28-17_39_44/vanilla_gru/ckpt
Epoch 31/50 - Train Loss 4.654322748330077, Val Loss 4.801102485130308
Epoch 32/50 - Train Loss 4.5808778729630655, Val Loss 4.780323000477445
Epoch 31 - checkpoint saved in ./checkpoints/vanilla_gru/vanilla_gru-GRU-2025_05_28-17_39_44/vanilla_gru/ckpt
Epoch 33/50 - Train Loss 4.543154097943186, Val Loss 4.6836216509924
Epoch 32 - checkpoint saved in ./checkpoints/vanilla_gru/vanilla_gru-GRU-2025_05_28-17_39_44/vanilla_gru/ckpt
Epoch 34/50 - Train Loss 4.504197384715958, Val Loss 4.6390207415676725
Epoch 33 - checkpoint saved in ./checkpoints/vanilla_gru/vanilla_gru-GRU-2025_05_28-17_39_44/vanilla_gru/ckpt
Epoch 35/50 - Train Loss 4.467282451717678, Val Loss 4.616154450513184
Epoch 34 - checkpoint saved in ./checkpoints/vanilla_gru/vanilla_gru-GRU-2025_05_28-17_39_44/vanilla_gru/ckpt
Epoch 36/50 - Train Loss 4.441316248252385, Val Loss 4.582303889308943
Epoch 35 - checkpoint saved in ./checkpoints/vanilla_gru/vanilla_gru-GRU-2025_05_28-17_39_44/vanilla_gru/ckpt
Epoch 37/50 - Train Loss 4.401451197688488, Val Loss 4.560054930883078
Epoch 36 - checkpoint saved in ./checkpoints/vanilla_gru/vanilla_gru-GRU-2025_05_28-17_39_44/vanilla_gru/ckpt
Epoch 38/50 - Train Loss 4.375462443012456, Val Loss 4.544474637135236
Epoch 37 - checkpoint saved in ./checkpoints/vanilla_gru/vanilla_gru-GRU-2025_05_28-17_39_44/vanilla_gru/ckpt
Epoch 39/50 - Train Loss 4.342250265331299, Val Loss 4.518064900144348
Epoch 38 - checkpoint saved in ./checkpoints/vanilla_gru/vanilla_gru-GRU-2025_05_28-17_39_44/vanilla_gru/ckpt
Epoch 40/50 - Train Loss 4.314934719659554, Val Loss 4.5150174743115645
Epoch 39 - checkpoint saved in ./checkpoints/vanilla_gru/vanilla_gru-GRU-2025_05_28-17_39_44/vanilla_gru/ckpt
Epoch 41/50 - Train Loss 4.29043607827573, Val Loss 4.484272459467346
Epoch 40 - checkpoint saved in ./checkpoints/vanilla_gru/vanilla_gru-GRU-2025_05_28-17_39_44/vanilla_gru/ckpt
Epoch 42/50 - Train Loss 4.267846145828201, Val Loss 4.439904094825726
Epoch 41 - checkpoint saved in ./checkpoints/vanilla_gru/vanilla_gru-GRU-2025_05_28-17_39_44/vanilla_gru/ckpt
Epoch 43/50 - Train Loss 4.238860187666073, Val Loss 4.449795294915414
Epoch 44/50 - Train Loss 4.2201572509275795, Val Loss 4.433762495784959
Epoch 43 - checkpoint saved in ./checkpoints/vanilla_gru/vanilla_gru-GRU-2025_05_28-17_39_44/vanilla_gru/ckpt
Epoch 45/50 - Train Loss 4.195368952957073, Val Loss 4.387393199647167
Epoch 44 - checkpoint saved in ./checkpoints/vanilla_gru/vanilla_gru-GRU-2025_05_28-17_39_44/vanilla_gru/ckpt
Epoch 46/50 - Train Loss 4.17528690343064, Val Loss 4.378939775295508
Epoch 45 - checkpoint saved in ./checkpoints/vanilla_gru/vanilla_gru-GRU-2025_05_28-17_39_44/vanilla_gru/ckpt
Epoch 47/50 - Train Loss 4.15313312653062, Val Loss 4.354382862269538
Epoch 46 - checkpoint saved in ./checkpoints/vanilla_gru/vanilla_gru-GRU-2025_05_28-17_39_44/vanilla_gru/ckpt
Epoch 48/50 - Train Loss 4.132991778319296, Val Loss 4.342903980138285
Epoch 47 - checkpoint saved in ./checkpoints/vanilla_gru/vanilla_gru-GRU-2025_05_28-17_39_44/vanilla_gru/ckpt
Epoch 49/50 - Train Loss 4.1163170036574765, Val Loss 4.3587688898968
Epoch 50/50 - Train Loss 4.0993787154915795, Val Loss 4.2891853426249895
Epoch 49 - checkpoint saved in ./checkpoints/vanilla_gru/vanilla_gru-GRU-2025_05_28-17_39_44/vanilla_gru/ckpt
Checkpoint loaded from ./checkpoints/vanilla_gru/vanilla_gru-GRU-2025_05_28-17_39_44/vanilla_gru/ckpt/GRU
Loaded checkpoint from validation on epoch 49: val/loss 3.681898 (4.289185), val/sbp_mae 5.805799 (6.705760) ± val/sbp_mae_std 5.843284 (6.250153), sbp_me val/sbp_me -1.415493 (-1.534174) ± sbp_me_std val/sbp_me_std 8.156113 (9.029154), dbp_mae val/dbp_mae 2.700896 (3.067935) ± dbp_mae_std val/dbp_mae_std 14.250177 (12.145736)
SBP MAE μ 6.690836429595947 ±  6.26433801651001 / ME μ 1.557509422302246 ± 9.03235149383545
DBP MAE μ 3.0590364933013916 ±  3.1655871868133545 / ME μ -0.4008302688598633 ± 4.383831977844238
BHS grading standard:
		 ≤ 5 	 ≤ 10 	 ≤ 15
	 Grade A 60% 	 85% 	 95%
	 Grade B 50% 	 75% 	 90%
	 Grade C 40% 	 65% 	 85%
SBP:
		 50.73987989440805% 	 78.02866968858787% 	 90.32108789163152%
BHS standard grade for SBP: B
BHS grading standard:
		 ≤ 5 	 ≤ 10 	 ≤ 15
	 Grade A 60% 	 85% 	 95%
	 Grade B 50% 	 75% 	 90%
	 Grade C 40% 	 65% 	 85%
DBP:
		 82.37434662347634% 	 96.50621036357708% 	 99.0019246342669%
BHS standard grade for DBP: A
AAMI grade for SBP: Potentially Acceptable
AAMI grade for DBP: Acceptable
Pretraining completed, best model and configuration saved in ./checkpoints/vanilla_gru/vanilla_gru-GRU-2025_05_28-17_39_44
