=====================================================================================================================================================================
Layer (type:depth-idx)                   Input Shape               Output Shape              Param #                   Param %                   Mult-Adds
=====================================================================================================================================================================
GRU                                      [128, 625, 2]             [128, 625]                --                             --                   --
├─GRU: 1-1                               [128, 625, 2]             [128, 625, 256]           397,824                    99.94%                   31,825,920,000
├─Linear: 1-2                            [128, 625, 256]           [128, 625, 1]             257                         0.06%                   32,896
=====================================================================================================================================================================
Total params: 398,081
Trainable params: 398,081
Non-trainable params: 0
Total mult-adds (G): 31.83
=====================================================================================================================================================================
Input size (MB): 0.64
Forward/backward pass size (MB): 164.48
Params size (MB): 1.59
Estimated Total Size (MB): 166.71
=====================================================================================================================================================================
[INFO] Register count_gru() for <class 'torch.nn.modules.rnn.GRU'>.
[INFO] Register count_linear() for <class 'torch.nn.modules.linear.Linear'>.
UNet has 398.0810000K params and 32.1331200G macs.
