Dataset folder: ./data/lmdb/mimic_iii
Checkpoint folder: ./checkpoints/unet_ch16,32,64/unet_ch16,32,64-UNet-2025_05_31-15_23_45
Tensorboard folder: ./tensorboard/unet_ch16,32,64/unet_ch16,32,64-UNet-2025_05_31-15_23_45
Figure folder: ./tensorboard/unet_ch16,32,64/unet_ch16,32,64-UNet-2025_05_31-15_23_45
Configuration for the run:
{'attention_type': 'self_attention',
 'aug_prob': 0.5,
 'augmentation_types': 'jitter,scaling,magnitude_warp,flip',
 'batch_size': 128,
 'bidirectional': True,
 'channels': '16,32,64',
 'checkpoint_path': './checkpoints/unet_ch16,32,64/unet_ch16,32,64-UNet-2025_05_31-15_23_45',
 'criterion': 'SmoothL1Loss',
 'dataset_folder': './data/lmdb',
 'dataset_name': 'mimic_iii',
 'dim_feedforward': 128,
 'dim_feedforward_attention': 128,
 'ecg': True,
 'embed_dim': 32,
 'enable_amp': False,
 'es_enable': False,
 'es_min_delta': 0.01,
 'es_patience': 10,
 'eval_every_n_epochs': 1,
 'expname': 'unet_ch16,32,64',
 'figure_path': './figs/unet_ch16,32,64/unet_ch16,32,64-UNet-2025_05_31-15_23_45',
 'fold': 0,
 'fs': 125,
 'gpu': '0',
 'hidden_dim': 128,
 'input_seq_len_s': 5,
 'kernel_size': 3,
 'l2norm': 0.001,
 'lambda_contrastive': 0.0,
 'lambda_cwg': 0.0,
 'lambda_msr': 0.0,
 'lambda_ortho': 0.0,
 'lambda_supervised': 1.0,
 'loader_worker': 4,
 'lp_dataset_name': 'test',
 'lr': 0.001,
 'lr_scheduler_enable': True,
 'lr_scheduler_min_lr': 0.0001,
 'lr_scheduler_type': 'ExponentialLR',
 'lr_scheduler_warmup': 0,
 'lrsched_gamma': 0.5,
 'lrsched_step': '5, '
                 '10, '
                 '15, '
                 '20, '
                 '40',
 'masking_ratio': 0.08,
 'max_lp_training_epochs': 75,
 'max_training_epochs': 50,
 'mix_pretraining_subject_samples': True,
 'model': 'models.UNet',
 'model_name': 'UNet',
 'num_encoder_layers': 2,
 'num_heads': 8,
 'num_heads_attention': 1,
 'num_layers': 2,
 'optimizer_type': 'Adam',
 'personalization_sample_number': 100,
 'ppg_derivatives': False,
 'ppg_emd': False,
 'ppg_freqs': False,
 'pretrained_model_checkpoint': './checkpoints',
 'pretraining_ratio': 0.8,
 'pretraining_tr_val_tt_split_ratio': '0.7,0.1,0.2',
 'proj_head_dim': 256,
 'proj_hidden_dim': 512,
 'resp': False,
 'resume': '',
 'seed': 42,
 'sgd_momentum': 0.9,
 'sig2sig': True,
 'smoothl1loss_beta': 5,
 'ssl': False,
 'temperature': 0.0,
 'tensorboard_path': './tensorboard/unet_ch16,32,64/unet_ch16,32,64-UNet-2025_05_31-15_23_45'}
PhysioDataset initialized with following configuration:
{'Pretraining Ratio': 0.8,
 'Samples': 594333,
 'Subjects': {'Personalization': 305, 'Pretraining': 1219, 'Total': 1524}}
PhysioDataset get_pretraining_samplers
Pretraining train/val/test sets samples are sampled from the same subject set
{'Pretraining Samples (# per split)': {'Test': 95083,
                                       'Train': 332770,
                                       'Valid': 47536}}
Trainable parameters: 89169 / 89169 (100.00%)
Non-trainable parameters: 0 / 89169 (0.00%)
Epoch 1/50 - Train Loss 19.8146, Val Loss 10.4258
Epoch 0 - checkpoint saved in ./checkpoints/unet_ch16,32,64/unet_ch16,32,64-UNet-2025_05_31-15_23_45/unet_ch16,32,64/ckpt
Epoch 2/50 - Train Loss 9.7488, Val Loss 9.1089
Epoch 1 - checkpoint saved in ./checkpoints/unet_ch16,32,64/unet_ch16,32,64-UNet-2025_05_31-15_23_45/unet_ch16,32,64/ckpt
Epoch 3/50 - Train Loss 8.8767, Val Loss 8.4719
Epoch 2 - checkpoint saved in ./checkpoints/unet_ch16,32,64/unet_ch16,32,64-UNet-2025_05_31-15_23_45/unet_ch16,32,64/ckpt
Epoch 4/50 - Train Loss 8.3599, Val Loss 8.0965
Epoch 3 - checkpoint saved in ./checkpoints/unet_ch16,32,64/unet_ch16,32,64-UNet-2025_05_31-15_23_45/unet_ch16,32,64/ckpt
Epoch 5/50 - Train Loss 7.9825, Val Loss 7.7858
Epoch 4 - checkpoint saved in ./checkpoints/unet_ch16,32,64/unet_ch16,32,64-UNet-2025_05_31-15_23_45/unet_ch16,32,64/ckpt
Epoch 6/50 - Train Loss 7.6965, Val Loss 7.7481
Epoch 5 - checkpoint saved in ./checkpoints/unet_ch16,32,64/unet_ch16,32,64-UNet-2025_05_31-15_23_45/unet_ch16,32,64/ckpt
Epoch 7/50 - Train Loss 7.4800, Val Loss 7.3937
Epoch 6 - checkpoint saved in ./checkpoints/unet_ch16,32,64/unet_ch16,32,64-UNet-2025_05_31-15_23_45/unet_ch16,32,64/ckpt
Epoch 8/50 - Train Loss 7.2779, Val Loss 7.2012
Epoch 7 - checkpoint saved in ./checkpoints/unet_ch16,32,64/unet_ch16,32,64-UNet-2025_05_31-15_23_45/unet_ch16,32,64/ckpt
Epoch 9/50 - Train Loss 7.1174, Val Loss 7.1410
Epoch 8 - checkpoint saved in ./checkpoints/unet_ch16,32,64/unet_ch16,32,64-UNet-2025_05_31-15_23_45/unet_ch16,32,64/ckpt
Epoch 10/50 - Train Loss 6.9640, Val Loss 7.0375
Epoch 9 - checkpoint saved in ./checkpoints/unet_ch16,32,64/unet_ch16,32,64-UNet-2025_05_31-15_23_45/unet_ch16,32,64/ckpt
Epoch 11/50 - Train Loss 6.8344, Val Loss 6.8476
Epoch 10 - checkpoint saved in ./checkpoints/unet_ch16,32,64/unet_ch16,32,64-UNet-2025_05_31-15_23_45/unet_ch16,32,64/ckpt
Epoch 12/50 - Train Loss 6.7231, Val Loss 6.9002
Epoch 13/50 - Train Loss 6.6131, Val Loss 6.6711
Epoch 12 - checkpoint saved in ./checkpoints/unet_ch16,32,64/unet_ch16,32,64-UNet-2025_05_31-15_23_45/unet_ch16,32,64/ckpt
Epoch 14/50 - Train Loss 6.5170, Val Loss 6.7726
Epoch 15/50 - Train Loss 6.4343, Val Loss 6.4528
Epoch 14 - checkpoint saved in ./checkpoints/unet_ch16,32,64/unet_ch16,32,64-UNet-2025_05_31-15_23_45/unet_ch16,32,64/ckpt
Epoch 16/50 - Train Loss 6.3367, Val Loss 6.4196
Epoch 15 - checkpoint saved in ./checkpoints/unet_ch16,32,64/unet_ch16,32,64-UNet-2025_05_31-15_23_45/unet_ch16,32,64/ckpt
Epoch 17/50 - Train Loss 6.2633, Val Loss 6.3756
Epoch 16 - checkpoint saved in ./checkpoints/unet_ch16,32,64/unet_ch16,32,64-UNet-2025_05_31-15_23_45/unet_ch16,32,64/ckpt
Epoch 18/50 - Train Loss 6.1961, Val Loss 6.3175
Epoch 17 - checkpoint saved in ./checkpoints/unet_ch16,32,64/unet_ch16,32,64-UNet-2025_05_31-15_23_45/unet_ch16,32,64/ckpt
Epoch 19/50 - Train Loss 6.1278, Val Loss 6.4050
Epoch 20/50 - Train Loss 6.0658, Val Loss 6.2845
Epoch 19 - checkpoint saved in ./checkpoints/unet_ch16,32,64/unet_ch16,32,64-UNet-2025_05_31-15_23_45/unet_ch16,32,64/ckpt
Epoch 21/50 - Train Loss 6.0097, Val Loss 6.3184
Epoch 22/50 - Train Loss 5.9550, Val Loss 6.0775
Epoch 21 - checkpoint saved in ./checkpoints/unet_ch16,32,64/unet_ch16,32,64-UNet-2025_05_31-15_23_45/unet_ch16,32,64/ckpt
Epoch 23/50 - Train Loss 5.9036, Val Loss 6.1680
Epoch 24/50 - Train Loss 5.8561, Val Loss 6.0582
Epoch 23 - checkpoint saved in ./checkpoints/unet_ch16,32,64/unet_ch16,32,64-UNet-2025_05_31-15_23_45/unet_ch16,32,64/ckpt
Epoch 25/50 - Train Loss 5.8074, Val Loss 5.9554
Epoch 24 - checkpoint saved in ./checkpoints/unet_ch16,32,64/unet_ch16,32,64-UNet-2025_05_31-15_23_45/unet_ch16,32,64/ckpt
Epoch 26/50 - Train Loss 5.7624, Val Loss 6.0116
Epoch 27/50 - Train Loss 5.7224, Val Loss 5.8947
Epoch 26 - checkpoint saved in ./checkpoints/unet_ch16,32,64/unet_ch16,32,64-UNet-2025_05_31-15_23_45/unet_ch16,32,64/ckpt
Epoch 28/50 - Train Loss 5.6818, Val Loss 5.8931
Epoch 27 - checkpoint saved in ./checkpoints/unet_ch16,32,64/unet_ch16,32,64-UNet-2025_05_31-15_23_45/unet_ch16,32,64/ckpt
Epoch 29/50 - Train Loss 5.6394, Val Loss 5.8800
Epoch 28 - checkpoint saved in ./checkpoints/unet_ch16,32,64/unet_ch16,32,64-UNet-2025_05_31-15_23_45/unet_ch16,32,64/ckpt
Epoch 30/50 - Train Loss 5.6011, Val Loss 5.8818
Epoch 31/50 - Train Loss 5.5755, Val Loss 5.7788
Epoch 30 - checkpoint saved in ./checkpoints/unet_ch16,32,64/unet_ch16,32,64-UNet-2025_05_31-15_23_45/unet_ch16,32,64/ckpt
Epoch 32/50 - Train Loss 5.5372, Val Loss 5.7884
Epoch 33/50 - Train Loss 5.5049, Val Loss 5.7546
Epoch 32 - checkpoint saved in ./checkpoints/unet_ch16,32,64/unet_ch16,32,64-UNet-2025_05_31-15_23_45/unet_ch16,32,64/ckpt
Epoch 34/50 - Train Loss 5.4773, Val Loss 5.6802
Epoch 33 - checkpoint saved in ./checkpoints/unet_ch16,32,64/unet_ch16,32,64-UNet-2025_05_31-15_23_45/unet_ch16,32,64/ckpt
Epoch 35/50 - Train Loss 5.4431, Val Loss 5.6886
Epoch 36/50 - Train Loss 5.4196, Val Loss 5.6759
Epoch 35 - checkpoint saved in ./checkpoints/unet_ch16,32,64/unet_ch16,32,64-UNet-2025_05_31-15_23_45/unet_ch16,32,64/ckpt
Epoch 37/50 - Train Loss 5.3918, Val Loss 5.6625
Epoch 36 - checkpoint saved in ./checkpoints/unet_ch16,32,64/unet_ch16,32,64-UNet-2025_05_31-15_23_45/unet_ch16,32,64/ckpt
Epoch 38/50 - Train Loss 5.3693, Val Loss 5.6374
Epoch 37 - checkpoint saved in ./checkpoints/unet_ch16,32,64/unet_ch16,32,64-UNet-2025_05_31-15_23_45/unet_ch16,32,64/ckpt
Epoch 39/50 - Train Loss 5.3436, Val Loss 5.5994
Epoch 38 - checkpoint saved in ./checkpoints/unet_ch16,32,64/unet_ch16,32,64-UNet-2025_05_31-15_23_45/unet_ch16,32,64/ckpt
Epoch 40/50 - Train Loss 5.3192, Val Loss 5.5908
Epoch 39 - checkpoint saved in ./checkpoints/unet_ch16,32,64/unet_ch16,32,64-UNet-2025_05_31-15_23_45/unet_ch16,32,64/ckpt
Epoch 41/50 - Train Loss 5.2976, Val Loss 5.5872
Epoch 40 - checkpoint saved in ./checkpoints/unet_ch16,32,64/unet_ch16,32,64-UNet-2025_05_31-15_23_45/unet_ch16,32,64/ckpt
Epoch 42/50 - Train Loss 5.2757, Val Loss 5.5947
Epoch 43/50 - Train Loss 5.2555, Val Loss 5.5656
Epoch 42 - checkpoint saved in ./checkpoints/unet_ch16,32,64/unet_ch16,32,64-UNet-2025_05_31-15_23_45/unet_ch16,32,64/ckpt
Epoch 44/50 - Train Loss 5.2348, Val Loss 5.6090
Epoch 45/50 - Train Loss 5.2174, Val Loss 5.5395
Epoch 44 - checkpoint saved in ./checkpoints/unet_ch16,32,64/unet_ch16,32,64-UNet-2025_05_31-15_23_45/unet_ch16,32,64/ckpt
Epoch 46/50 - Train Loss 5.2009, Val Loss 5.5166
Epoch 45 - checkpoint saved in ./checkpoints/unet_ch16,32,64/unet_ch16,32,64-UNet-2025_05_31-15_23_45/unet_ch16,32,64/ckpt
Epoch 47/50 - Train Loss 5.1822, Val Loss 5.5316
Epoch 48/50 - Train Loss 5.1670, Val Loss 5.4978
Epoch 47 - checkpoint saved in ./checkpoints/unet_ch16,32,64/unet_ch16,32,64-UNet-2025_05_31-15_23_45/unet_ch16,32,64/ckpt
Epoch 49/50 - Train Loss 5.1503, Val Loss 5.4872
Epoch 48 - checkpoint saved in ./checkpoints/unet_ch16,32,64/unet_ch16,32,64-UNet-2025_05_31-15_23_45/unet_ch16,32,64/ckpt
Epoch 50/50 - Train Loss 5.1342, Val Loss 5.4854
Epoch 49 - checkpoint saved in ./checkpoints/unet_ch16,32,64/unet_ch16,32,64-UNet-2025_05_31-15_23_45/unet_ch16,32,64/ckpt
Checkpoint loaded from ./checkpoints/unet_ch16,32,64/unet_ch16,32,64-UNet-2025_05_31-15_23_45/unet_ch16,32,64/ckpt/UNet
Loaded checkpoint from validation on epoch 49: 5.485385485026058
SBP MAE μ 8.462818145751953 ±  7.350520133972168 / ME μ 1.2083253860473633 ± 11.14402961730957
DBP MAE μ 4.047652721405029 ±  3.9995665550231934 / ME μ -0.2132907658815384 ± 5.686346530914307
BHS grading standard:
		 ≤ 5 	 ≤ 10 	 ≤ 15
	 Grade A 60% 	 85% 	 95%
	 Grade B 50% 	 75% 	 90%
	 Grade C 40% 	 65% 	 85%
SBP:
		 40.20171849857493% 	 67.79866011800216% 	 83.58486795746873%
BHS standard grade for SBP: D
BHS grading standard:
		 ≤ 5 	 ≤ 10 	 ≤ 15
	 Grade A 60% 	 85% 	 95%
	 Grade B 50% 	 75% 	 90%
	 Grade C 40% 	 65% 	 85%
DBP:
		 71.67737660780581% 	 92.60225276863372% 	 97.76511048242062%
BHS standard grade for DBP: A
AAMI grade for SBP: Potentially Acceptable
AAMI grade for DBP: Acceptable
Pretraining completed, best model and configuration saved in ./checkpoints/unet_ch16,32,64/unet_ch16,32,64-UNet-2025_05_31-15_23_45
