=====================================================================================================================================================================
Layer (type:depth-idx)                   Input Shape               Output Shape              Param #                   Param %                   Mult-Adds
=====================================================================================================================================================================
UNet                                     [128, 625, 2]             [128, 625]                --                             --                   --
├─ModuleList: 1-1                        --                        --                        --                             --                   --
│    └─ResidualBlock1D: 2-1              [128, 2, 625]             [128, 16, 625]            --                             --                   --
│    │    └─Sequential: 3-1              [128, 2, 625]             [128, 16, 625]            80                          0.09%                   3,844,096
│    │    └─Conv1d: 3-2                  [128, 2, 625]             [128, 16, 625]            112                         0.13%                   8,960,000
│    │    └─BatchNorm1d: 3-3             [128, 16, 625]            [128, 16, 625]            32                          0.04%                   4,096
│    │    └─ReLU: 3-4                    [128, 16, 625]            [128, 16, 625]            --                             --                   --
│    │    └─Conv1d: 3-5                  [128, 16, 625]            [128, 16, 625]            784                         0.88%                   62,720,000
│    └─ResidualBlock1D: 2-2              [128, 16, 625]            [128, 32, 313]            --                             --                   --
│    │    └─Sequential: 3-6              [128, 16, 625]            [128, 32, 313]            608                         0.68%                   21,803,008
│    │    └─Conv1d: 3-7                  [128, 16, 625]            [128, 32, 313]            1,568                       1.76%                   62,820,352
│    │    └─BatchNorm1d: 3-8             [128, 32, 313]            [128, 32, 313]            64                          0.07%                   8,192
│    │    └─ReLU: 3-9                    [128, 32, 313]            [128, 32, 313]            --                             --                   --
│    │    └─Conv1d: 3-10                 [128, 32, 313]            [128, 32, 313]            3,104                       3.48%                   124,358,656
│    └─ResidualBlock1D: 2-3              [128, 32, 313]            [128, 64, 157]            --                             --                   --
│    │    └─Sequential: 3-11             [128, 32, 313]            [128, 64, 157]            2,240                       2.51%                   42,459,136
│    │    └─Conv1d: 3-12                 [128, 32, 313]            [128, 64, 157]            6,208                       6.96%                   124,755,968
│    │    └─BatchNorm1d: 3-13            [128, 64, 157]            [128, 64, 157]            128                         0.14%                   16,384
│    │    └─ReLU: 3-14                   [128, 64, 157]            [128, 64, 157]            --                             --                   --
│    │    └─Conv1d: 3-15                 [128, 64, 157]            [128, 64, 157]            12,352                     13.85%                   248,225,792
├─BottleneckBlock1D: 1-2                 [128, 64, 157]            [128, 64, 157]            --                             --                   --
│    └─BatchNorm1d: 2-4                  [128, 64, 157]            [128, 64, 157]            128                         0.14%                   16,384
│    └─ReLU: 2-5                         [128, 64, 157]            [128, 64, 157]            --                             --                   --
│    └─Conv1d: 2-6                       [128, 64, 157]            [128, 64, 157]            12,352                     13.85%                   248,225,792
│    └─BatchNorm1d: 2-7                  [128, 64, 157]            [128, 64, 157]            128                         0.14%                   16,384
│    └─ReLU: 2-8                         [128, 64, 157]            [128, 64, 157]            --                             --                   --
│    └─Conv1d: 2-9                       [128, 64, 157]            [128, 64, 157]            12,352                     13.85%                   248,225,792
├─ModuleList: 1-5                        --                        --                        (recursive)               (recursive)               --
│    └─AttentionGate1D: 2-10             [128, 64, 313]            [128, 32, 313]            --                             --                   --
│    │    └─Conv1d: 3-16                 [128, 64, 313]            [128, 32, 313]            2,080                       2.33%                   83,333,120
│    │    └─Conv1d: 3-17                 [128, 32, 313]            [128, 32, 313]            1,056                       1.18%                   42,307,584
│    │    └─Conv1d: 3-18                 [128, 32, 313]            [128, 32, 313]            1,056                       1.18%                   42,307,584
│    │    └─Softmax: 3-19                [128, 313, 313]           [128, 313, 313]           --                             --                   --
│    │    └─Conv1d: 3-20                 [128, 32, 313]            [128, 32, 313]            1,056                       1.18%                   42,307,584
├─ModuleList: 1-6                        --                        --                        (recursive)               (recursive)               --
│    └─ResidualBlock1D: 2-11             [128, 96, 313]            [128, 32, 313]            --                             --                   --
│    │    └─Sequential: 3-21             [128, 96, 313]            [128, 32, 313]            3,168                       3.55%                   124,366,848
│    │    └─Conv1d: 3-22                 [128, 96, 313]            [128, 32, 313]            9,248                      10.37%                   370,511,872
│    │    └─BatchNorm1d: 3-23            [128, 32, 313]            [128, 32, 313]            64                          0.07%                   8,192
│    │    └─ReLU: 3-24                   [128, 32, 313]            [128, 32, 313]            --                             --                   --
│    │    └─Conv1d: 3-25                 [128, 32, 313]            [128, 32, 313]            3,104                       3.48%                   124,358,656
├─ModuleList: 1-5                        --                        --                        (recursive)               (recursive)               --
│    └─AttentionGate1D: 2-12             [128, 32, 625]            [128, 16, 625]            --                             --                   --
│    │    └─Conv1d: 3-26                 [128, 32, 625]            [128, 16, 625]            528                         0.59%                   42,240,000
│    │    └─Conv1d: 3-27                 [128, 16, 625]            [128, 16, 625]            272                         0.31%                   21,760,000
│    │    └─Conv1d: 3-28                 [128, 16, 625]            [128, 16, 625]            272                         0.31%                   21,760,000
│    │    └─Softmax: 3-29                [128, 625, 625]           [128, 625, 625]           --                             --                   --
│    │    └─Conv1d: 3-30                 [128, 16, 625]            [128, 16, 625]            272                         0.31%                   21,760,000
├─ModuleList: 1-6                        --                        --                        (recursive)               (recursive)               --
│    └─ResidualBlock1D: 2-13             [128, 48, 625]            [128, 16, 625]            --                             --                   --
│    │    └─Sequential: 3-31             [128, 48, 625]            [128, 16, 625]            816                         0.92%                   62,724,096
│    │    └─Conv1d: 3-32                 [128, 48, 625]            [128, 16, 625]            2,320                       2.60%                   185,600,000
│    │    └─BatchNorm1d: 3-33            [128, 16, 625]            [128, 16, 625]            32                          0.04%                   4,096
│    │    └─ReLU: 3-34                   [128, 16, 625]            [128, 16, 625]            --                             --                   --
│    │    └─Conv1d: 3-35                 [128, 16, 625]            [128, 16, 625]            784                         0.88%                   62,720,000
├─SelfAttentionBlock1D: 1-7              [128, 16, 625]            [128, 16, 625]            --                             --                   --
│    └─PositionalEncoding: 2-14          [128, 625, 16]            [128, 625, 16]            --                             --                   --
│    │    └─Dropout: 3-36                [128, 625, 16]            [128, 625, 16]            --                             --                   --
│    └─MultiheadAttention: 2-15          [128, 625, 16]            [128, 625, 16]            1,088                       1.22%                   --
│    └─Dropout: 2-16                     [128, 625, 16]            [128, 625, 16]            --                             --                   --
│    └─LayerNorm: 2-17                   [128, 625, 16]            [128, 625, 16]            32                          0.04%                   4,096
│    └─Linear: 2-18                      [128, 625, 16]            [128, 625, 128]           2,176                       2.44%                   278,528
│    └─ReLU: 2-19                        [128, 625, 128]           [128, 625, 128]           --                             --                   --
│    └─Dropout: 2-20                     [128, 625, 128]           [128, 625, 128]           --                             --                   --
│    └─Linear: 2-21                      [128, 625, 128]           [128, 625, 16]            2,064                       2.31%                   264,192
│    └─Dropout: 2-22                     [128, 625, 16]            [128, 625, 16]            --                             --                   --
│    └─LayerNorm: 2-23                   [128, 625, 16]            [128, 625, 16]            32                          0.04%                   4,096
├─SelfAttentionBlock1D: 1-8              [128, 16, 625]            [128, 16, 625]            --                             --                   --
│    └─PositionalEncoding: 2-24          [128, 625, 16]            [128, 625, 16]            --                             --                   --
│    │    └─Dropout: 3-37                [128, 625, 16]            [128, 625, 16]            --                             --                   --
│    └─MultiheadAttention: 2-25          [128, 625, 16]            [128, 625, 16]            1,088                       1.22%                   --
│    └─Dropout: 2-26                     [128, 625, 16]            [128, 625, 16]            --                             --                   --
│    └─LayerNorm: 2-27                   [128, 625, 16]            [128, 625, 16]            32                          0.04%                   4,096
│    └─Linear: 2-28                      [128, 625, 16]            [128, 625, 128]           2,176                       2.44%                   278,528
│    └─ReLU: 2-29                        [128, 625, 128]           [128, 625, 128]           --                             --                   --
│    └─Dropout: 2-30                     [128, 625, 128]           [128, 625, 128]           --                             --                   --
│    └─Linear: 2-31                      [128, 625, 128]           [128, 625, 16]            2,064                       2.31%                   264,192
│    └─Dropout: 2-32                     [128, 625, 16]            [128, 625, 16]            --                             --                   --
│    └─LayerNorm: 2-33                   [128, 625, 16]            [128, 625, 16]            32                          0.04%                   4,096
├─Conv1d: 1-9                            [128, 16, 625]            [128, 1, 625]             17                          0.02%                   1,360,000
=====================================================================================================================================================================
Total params: 89,169
Trainable params: 89,169
Non-trainable params: 0
Total mult-adds (G): 2.45
=====================================================================================================================================================================
Input size (MB): 0.64
Forward/backward pass size (MB): 605.47
Params size (MB): 0.35
Estimated Total Size (MB): 606.46
=====================================================================================================================================================================
[INFO] Register count_convNd() for <class 'torch.nn.modules.conv.Conv1d'>.
[INFO] Register count_normalization() for <class 'torch.nn.modules.batchnorm.BatchNorm1d'>.
[INFO] Register zero_ops() for <class 'torch.nn.modules.activation.ReLU'>.
[INFO] Register zero_ops() for <class 'torch.nn.modules.container.Sequential'>.
[INFO] Register count_softmax() for <class 'torch.nn.modules.activation.Softmax'>.
[INFO] Register zero_ops() for <class 'torch.nn.modules.dropout.Dropout'>.
[INFO] Register count_linear() for <class 'torch.nn.modules.linear.Linear'>.
[INFO] Register count_normalization() for <class 'torch.nn.modules.normalization.LayerNorm'>.
UNet has 86.9930000K params and 3.3385549G macs.
