Dataset folder: ./data/lmdb
Checkpoint folder: ./checkpoints/vanilla_resnet/vanilla_resnet-ResGRUNet-2025_05_24-16_15_51
Tensorboard folder: ./tensorboard/vanilla_resnet/vanilla_resnet-ResGRUNet-2025_05_24-16_15_51
Figure folder: ./tensorboard/vanilla_resnet/vanilla_resnet-ResGRUNet-2025_05_24-16_15_51
Configuration for the run:
{'act': 'leaky_relu',
 'aug': False,
 'batchsize': 256,
 'channels': '1, '
             '32, '
             '64, '
             '128',
 'checkpoint_path': './checkpoints/vanilla_resnet/vanilla_resnet-ResGRUNet-2025_05_24-16_15_51',
 'criterion': 'MSELoss',
 'dataset_folder': './data/lmdb',
 'dataset_name': 'mimic_iii',
 'ecg': True,
 'embed_dim': 64,
 'enable_amp': False,
 'es_enable': False,
 'es_min_delta': 0.01,
 'es_patience': 10,
 'eval_every_n_epochs': 1,
 'expname': 'vanilla_resnet',
 'figure_path': './figs/vanilla_resnet/vanilla_resnet-ResGRUNet-2025_05_24-16_15_51',
 'fold': 0,
 'fs': 125,
 'gpu': '0',
 'gru': True,
 'head_dim': 16,
 'hidden_dim': 256,
 'input_seq_len_s': 5,
 'kernel_size': 7,
 'l2norm': 0.001,
 'lambda_contrastive': 0.0,
 'lambda_ortho': 0.0,
 'lambda_supervised': 1.0,
 'loader_worker': 4,
 'lr': 0.01,
 'lr_linear_probe': 0.0005,
 'lr_personalization': 0.0005,
 'lr_scheduler_enable': True,
 'lr_scheduler_min_lr': 1e-05,
 'lr_scheduler_type': 'CosineAnnealingWarmupScheduler',
 'lr_scheduler_warmup': 10,
 'lrsched_gamma': 0.5,
 'lrsched_step': '5, '
                 '10, '
                 '15, '
                 '20, '
                 '40',
 'max_training_epochs': 50,
 'mix_pretraining_subject_samples': True,
 'model': 'models.ResGRUNet',
 'model_name': 'ResGRUNet',
 'n_head': 4,
 'num_layers': 3,
 'optimizer_type': 'AdamW',
 'personalization_sample_number': 100,
 'pooling': 'avg',
 'ppg_derivatives': False,
 'ppg_emd': False,
 'ppg_freqs': False,
 'pretraining_ratio': 0.8,
 'pretraining_tr_val_tt_split_ratio': '0.7,0.1,0.2',
 'proj_head_dim': 256,
 'resp': False,
 'resume': '',
 'return_embedding': True,
 'seed': 42,
 'set_tunable_params': 'all',
 'sgd_momentum': 0.9,
 'smoothl1loss_beta': 5,
 'supervised': False,
 'temperature': 0.0,
 'tensorboard_path': './tensorboard/vanilla_resnet/vanilla_resnet-ResGRUNet-2025_05_24-16_15_51'}
PhysioDataset initialized with following configuration:
{'Pretraining Ratio': 0.8,
 'Samples': 594243,
 'Subjects': {'Personalization': 305, 'Pretraining': 1219, 'Total': 1524}}
PhysioDataset get_pretraining_samplers
Pretraining train/val/test sets samples are sampled from the same subject set
{'Pretraining Samples (# per split)': {'Test': 95070,
                                       'Train': 332718,
                                       'Valid': 47528}}
Trainable parameters: 670486 / 670486 (100.00%)
Non-trainable parameters: 0 / 670486 (0.00%)
Epoch 1/50 - Train Loss 3964.7280716504547, Val Loss 233.31444362196692
Epoch 0 - checkpoint saved in ./checkpoints/vanilla_resnet/vanilla_resnet-ResGRUNet-2025_05_24-16_15_51/vanilla_resnet/ckpt
Epoch 2/50 - Train Loss 194.6931831809714, Val Loss 178.3096430286818
Epoch 1 - checkpoint saved in ./checkpoints/vanilla_resnet/vanilla_resnet-ResGRUNet-2025_05_24-16_15_51/vanilla_resnet/ckpt
Epoch 3/50 - Train Loss 158.71529792284522, Val Loss 144.89567142647738
Epoch 2 - checkpoint saved in ./checkpoints/vanilla_resnet/vanilla_resnet-ResGRUNet-2025_05_24-16_15_51/vanilla_resnet/ckpt
Epoch 4/50 - Train Loss 144.36337292325715, Val Loss 133.75429173925272
Epoch 3 - checkpoint saved in ./checkpoints/vanilla_resnet/vanilla_resnet-ResGRUNet-2025_05_24-16_15_51/vanilla_resnet/ckpt
Epoch 5/50 - Train Loss 131.6253924682097, Val Loss 131.78331323176437
Epoch 4 - checkpoint saved in ./checkpoints/vanilla_resnet/vanilla_resnet-ResGRUNet-2025_05_24-16_15_51/vanilla_resnet/ckpt
Epoch 6/50 - Train Loss 125.46820783268575, Val Loss 111.99786821155712
Epoch 5 - checkpoint saved in ./checkpoints/vanilla_resnet/vanilla_resnet-ResGRUNet-2025_05_24-16_15_51/vanilla_resnet/ckpt
Epoch 7/50 - Train Loss 108.25822220613136, Val Loss 100.05125722225377
Epoch 6 - checkpoint saved in ./checkpoints/vanilla_resnet/vanilla_resnet-ResGRUNet-2025_05_24-16_15_51/vanilla_resnet/ckpt
Epoch 8/50 - Train Loss 98.48749190775764, Val Loss 97.78423576181615
Epoch 7 - checkpoint saved in ./checkpoints/vanilla_resnet/vanilla_resnet-ResGRUNet-2025_05_24-16_15_51/vanilla_resnet/ckpt
Epoch 9/50 - Train Loss 89.2350927196095, Val Loss 89.83835577920638
Epoch 8 - checkpoint saved in ./checkpoints/vanilla_resnet/vanilla_resnet-ResGRUNet-2025_05_24-16_15_51/vanilla_resnet/ckpt
Epoch 10/50 - Train Loss 84.51773342978956, Val Loss 86.76728283879412
Epoch 9 - checkpoint saved in ./checkpoints/vanilla_resnet/vanilla_resnet-ResGRUNet-2025_05_24-16_15_51/vanilla_resnet/ckpt
Epoch 11/50 - Train Loss 79.76584747991178, Val Loss 80.1949421167173
Epoch 10 - checkpoint saved in ./checkpoints/vanilla_resnet/vanilla_resnet-ResGRUNet-2025_05_24-16_15_51/vanilla_resnet/ckpt
Epoch 12/50 - Train Loss 75.01404427630473, Val Loss 75.5448301643098
Epoch 11 - checkpoint saved in ./checkpoints/vanilla_resnet/vanilla_resnet-ResGRUNet-2025_05_24-16_15_51/vanilla_resnet/ckpt
Epoch 13/50 - Train Loss 70.56084697836826, Val Loss 69.35026584709358
Epoch 12 - checkpoint saved in ./checkpoints/vanilla_resnet/vanilla_resnet-ResGRUNet-2025_05_24-16_15_51/vanilla_resnet/ckpt
Epoch 14/50 - Train Loss 66.7632490126242, Val Loss 71.79293558826713
Epoch 15/50 - Train Loss 63.87810766669198, Val Loss 66.53796765941138
Epoch 14 - checkpoint saved in ./checkpoints/vanilla_resnet/vanilla_resnet-ResGRUNet-2025_05_24-16_15_51/vanilla_resnet/ckpt
Epoch 16/50 - Train Loss 60.89034712393501, Val Loss 65.33996653946095
Epoch 15 - checkpoint saved in ./checkpoints/vanilla_resnet/vanilla_resnet-ResGRUNet-2025_05_24-16_15_51/vanilla_resnet/ckpt
Epoch 17/50 - Train Loss 58.5271554951176, Val Loss 58.62118549857391
Epoch 16 - checkpoint saved in ./checkpoints/vanilla_resnet/vanilla_resnet-ResGRUNet-2025_05_24-16_15_51/vanilla_resnet/ckpt
Epoch 18/50 - Train Loss 55.99241430520279, Val Loss 57.28072060015322
Epoch 17 - checkpoint saved in ./checkpoints/vanilla_resnet/vanilla_resnet-ResGRUNet-2025_05_24-16_15_51/vanilla_resnet/ckpt
Epoch 19/50 - Train Loss 54.35129373243937, Val Loss 54.43114318423872
Epoch 18 - checkpoint saved in ./checkpoints/vanilla_resnet/vanilla_resnet-ResGRUNet-2025_05_24-16_15_51/vanilla_resnet/ckpt
Epoch 20/50 - Train Loss 52.34473462784945, Val Loss 54.78745431712211
Epoch 21/50 - Train Loss 50.16459243374781, Val Loss 52.45453106171153
Epoch 20 - checkpoint saved in ./checkpoints/vanilla_resnet/vanilla_resnet-ResGRUNet-2025_05_24-16_15_51/vanilla_resnet/ckpt
Epoch 22/50 - Train Loss 48.657755027731874, Val Loss 51.2695408705368
Epoch 21 - checkpoint saved in ./checkpoints/vanilla_resnet/vanilla_resnet-ResGRUNet-2025_05_24-16_15_51/vanilla_resnet/ckpt
Epoch 23/50 - Train Loss 47.193741964354736, Val Loss 50.111280709359605
Epoch 22 - checkpoint saved in ./checkpoints/vanilla_resnet/vanilla_resnet-ResGRUNet-2025_05_24-16_15_51/vanilla_resnet/ckpt
Epoch 24/50 - Train Loss 45.14277336616776, Val Loss 47.66574093982881
Epoch 23 - checkpoint saved in ./checkpoints/vanilla_resnet/vanilla_resnet-ResGRUNet-2025_05_24-16_15_51/vanilla_resnet/ckpt
Epoch 25/50 - Train Loss 43.714353720114914, Val Loss 46.748924265644646
Epoch 24 - checkpoint saved in ./checkpoints/vanilla_resnet/vanilla_resnet-ResGRUNet-2025_05_24-16_15_51/vanilla_resnet/ckpt
Epoch 26/50 - Train Loss 41.79744160942994, Val Loss 45.961400640590725
Epoch 25 - checkpoint saved in ./checkpoints/vanilla_resnet/vanilla_resnet-ResGRUNet-2025_05_24-16_15_51/vanilla_resnet/ckpt
Epoch 27/50 - Train Loss 40.573018102887964, Val Loss 43.74109945408003
Epoch 26 - checkpoint saved in ./checkpoints/vanilla_resnet/vanilla_resnet-ResGRUNet-2025_05_24-16_15_51/vanilla_resnet/ckpt
Epoch 28/50 - Train Loss 38.922030833429616, Val Loss 42.1403211507908
Epoch 27 - checkpoint saved in ./checkpoints/vanilla_resnet/vanilla_resnet-ResGRUNet-2025_05_24-16_15_51/vanilla_resnet/ckpt
Epoch 29/50 - Train Loss 37.60478746830614, Val Loss 42.23589842866475
Epoch 30/50 - Train Loss 36.47519394133786, Val Loss 40.30103407048995
Epoch 29 - checkpoint saved in ./checkpoints/vanilla_resnet/vanilla_resnet-ResGRUNet-2025_05_24-16_15_51/vanilla_resnet/ckpt
Epoch 31/50 - Train Loss 35.02187776302137, Val Loss 39.595870593484655
Epoch 30 - checkpoint saved in ./checkpoints/vanilla_resnet/vanilla_resnet-ResGRUNet-2025_05_24-16_15_51/vanilla_resnet/ckpt
Epoch 32/50 - Train Loss 33.9101353903872, Val Loss 39.76915910929828
Epoch 33/50 - Train Loss 32.70149393756797, Val Loss 37.113636694257856
Epoch 32 - checkpoint saved in ./checkpoints/vanilla_resnet/vanilla_resnet-ResGRUNet-2025_05_24-16_15_51/vanilla_resnet/ckpt
Epoch 34/50 - Train Loss 31.58827417626684, Val Loss 35.929212852391984
Epoch 33 - checkpoint saved in ./checkpoints/vanilla_resnet/vanilla_resnet-ResGRUNet-2025_05_24-16_15_51/vanilla_resnet/ckpt
Epoch 35/50 - Train Loss 30.516459617520503, Val Loss 35.269654723294074
Epoch 34 - checkpoint saved in ./checkpoints/vanilla_resnet/vanilla_resnet-ResGRUNet-2025_05_24-16_15_51/vanilla_resnet/ckpt
Epoch 36/50 - Train Loss 29.42298468261412, Val Loss 34.606427629795405
Epoch 35 - checkpoint saved in ./checkpoints/vanilla_resnet/vanilla_resnet-ResGRUNet-2025_05_24-16_15_51/vanilla_resnet/ckpt
Epoch 37/50 - Train Loss 28.549571392251092, Val Loss 33.738009232741135
Epoch 36 - checkpoint saved in ./checkpoints/vanilla_resnet/vanilla_resnet-ResGRUNet-2025_05_24-16_15_51/vanilla_resnet/ckpt
Epoch 38/50 - Train Loss 27.650417305248443, Val Loss 33.56848837899511
Epoch 37 - checkpoint saved in ./checkpoints/vanilla_resnet/vanilla_resnet-ResGRUNet-2025_05_24-16_15_51/vanilla_resnet/ckpt
Epoch 39/50 - Train Loss 26.678469743996295, Val Loss 32.79732773669579
Epoch 38 - checkpoint saved in ./checkpoints/vanilla_resnet/vanilla_resnet-ResGRUNet-2025_05_24-16_15_51/vanilla_resnet/ckpt
Epoch 40/50 - Train Loss 26.007484401111984, Val Loss 31.9335547413334
Epoch 39 - checkpoint saved in ./checkpoints/vanilla_resnet/vanilla_resnet-ResGRUNet-2025_05_24-16_15_51/vanilla_resnet/ckpt
Epoch 41/50 - Train Loss 25.22790882008853, Val Loss 31.707349463557378
Epoch 40 - checkpoint saved in ./checkpoints/vanilla_resnet/vanilla_resnet-ResGRUNet-2025_05_24-16_15_51/vanilla_resnet/ckpt
Epoch 42/50 - Train Loss 24.670805702812316, Val Loss 31.694278415255507
Epoch 41 - checkpoint saved in ./checkpoints/vanilla_resnet/vanilla_resnet-ResGRUNet-2025_05_24-16_15_51/vanilla_resnet/ckpt
Epoch 43/50 - Train Loss 24.258293552646446, Val Loss 31.132835603286033
Epoch 42 - checkpoint saved in ./checkpoints/vanilla_resnet/vanilla_resnet-ResGRUNet-2025_05_24-16_15_51/vanilla_resnet/ckpt
Epoch 44/50 - Train Loss 23.61607844789474, Val Loss 30.75733813973032
Epoch 43 - checkpoint saved in ./checkpoints/vanilla_resnet/vanilla_resnet-ResGRUNet-2025_05_24-16_15_51/vanilla_resnet/ckpt
Epoch 45/50 - Train Loss 23.194217209917475, Val Loss 30.716833367289126
Epoch 44 - checkpoint saved in ./checkpoints/vanilla_resnet/vanilla_resnet-ResGRUNet-2025_05_24-16_15_51/vanilla_resnet/ckpt
Epoch 46/50 - Train Loss 22.872701719478954, Val Loss 30.567672364139092
Epoch 45 - checkpoint saved in ./checkpoints/vanilla_resnet/vanilla_resnet-ResGRUNet-2025_05_24-16_15_51/vanilla_resnet/ckpt
Epoch 47/50 - Train Loss 22.740001311532723, Val Loss 30.622526111034528
Epoch 48/50 - Train Loss 22.62462042287775, Val Loss 30.309345997898813
Epoch 47 - checkpoint saved in ./checkpoints/vanilla_resnet/vanilla_resnet-ResGRUNet-2025_05_24-16_15_51/vanilla_resnet/ckpt
Epoch 49/50 - Train Loss 22.506024286642774, Val Loss 30.463144036861124
Epoch 50/50 - Train Loss 22.31317170334328, Val Loss 30.183256470340407
Epoch 49 - checkpoint saved in ./checkpoints/vanilla_resnet/vanilla_resnet-ResGRUNet-2025_05_24-16_15_51/vanilla_resnet/ckpt
Checkpoint loaded from ./checkpoints/vanilla_resnet/vanilla_resnet-ResGRUNet-2025_05_24-16_15_51/vanilla_resnet/ckpt/ResGRUNet
Loaded checkpoint from validation on epoch 49: val/loss 28.248030 (30.183256), val/sbp_mae 4.770232 (4.965773) ± val/sbp_mae_std 4.124056 (4.136862), sbp_me val/sbp_me -0.500829 (-0.221137) ± sbp_me_std val/sbp_me_std 6.296576 (6.366828), dbp_mae val/dbp_mae 3.139138 (3.228259) ± dbp_mae_std val/dbp_mae_std 2.649896 (2.824324)
SBP MAE μ 4.9868609939098505 ±  4.138744219842869 / ME μ 0.14324094118900926 ± 6.479002108552644
DBP MAE μ 3.2234160448457336 ±  2.811469818154665 / ME μ 0.034678285967304316 ± 4.277098426859722
BHS grading standard:
		 ≤ 5 	 ≤ 10 	 ≤ 15
	 Grade A 60% 	 85% 	 95%
	 Grade B 50% 	 75% 	 90%
	 Grade C 40% 	 65% 	 85%
SBP:
		 59.65183548963922% 	 88.70095718943935% 	 97.30935100452298%
BHS standard grade for SBP: B
BHS grading standard:
		 ≤ 5 	 ≤ 10 	 ≤ 15
	 Grade A 60% 	 85% 	 95%
	 Grade B 50% 	 75% 	 90%
	 Grade C 40% 	 65% 	 85%
DBP:
		 79.6560429157463% 	 97.12527611233827% 	 99.50142000631114%
BHS standard grade for DBP: A
AAMI grade for SBP: Acceptable
AAMI grade for DBP: Acceptable
Pretraining completed, best model and configuration saved in ./checkpoints/vanilla_resnet/vanilla_resnet-ResGRUNet-2025_05_24-16_15_51
