Dataset folder: ./data/lmdb/mimic_iii
Checkpoint folder: ./checkpoints/unet_ppg_only/unet_ppg_only-UNet-2025_06_02-10_24_25
Tensorboard folder: ./tensorboard/unet_ppg_only/unet_ppg_only-UNet-2025_06_02-10_24_25
Figure folder: ./tensorboard/unet_ppg_only/unet_ppg_only-UNet-2025_06_02-10_24_25
Configuration for the run:
{'attention_type': 'self_attention',
 'aug_prob': 0.5,
 'augmentation_types': 'jitter,scaling,magnitude_warp,flip',
 'batch_size': 128,
 'bidirectional': True,
 'channels': '32, '
             '64, '
             '128, '
             '256, '
             '512',
 'checkpoint_path': './checkpoints/unet_ppg_only/unet_ppg_only-UNet-2025_06_02-10_24_25',
 'criterion': 'SmoothL1Loss',
 'dataset_folder': './data/lmdb',
 'dataset_name': 'mimic_iii',
 'dim_feedforward': 128,
 'dim_feedforward_attention': 128,
 'ecg': False,
 'embed_dim': 32,
 'enable_amp': False,
 'es_enable': False,
 'es_min_delta': 0.01,
 'es_patience': 10,
 'eval_every_n_epochs': 1,
 'expname': 'unet_ppg_only',
 'figure_path': './figs/unet_ppg_only/unet_ppg_only-UNet-2025_06_02-10_24_25',
 'fold': 0,
 'fs': 125,
 'gpu': '1',
 'hidden_dim': 128,
 'input_seq_len_s': 5,
 'kernel_size': 3,
 'l2norm': 0.001,
 'lambda_contrastive': 0.0,
 'lambda_cwg': 0.0,
 'lambda_msr': 0.0,
 'lambda_ortho': 0.0,
 'lambda_supervised': 1.0,
 'loader_worker': 4,
 'lp_dataset_name': 'test',
 'lr': 0.001,
 'lr_scheduler_enable': True,
 'lr_scheduler_min_lr': 0.0001,
 'lr_scheduler_type': 'ExponentialLR',
 'lr_scheduler_warmup': 0,
 'lrsched_gamma': 0.5,
 'lrsched_step': '5, '
                 '10, '
                 '15, '
                 '20, '
                 '40',
 'masking_ratio': 0.08,
 'max_lp_training_epochs': 75,
 'max_training_epochs': 50,
 'mix_pretraining_subject_samples': True,
 'model': 'models.UNet',
 'model_name': 'UNet',
 'num_encoder_layers': 2,
 'num_heads': 8,
 'num_heads_attention': 1,
 'num_layers': 2,
 'optimizer_type': 'Adam',
 'personalization_sample_number': 100,
 'ppg_derivatives': False,
 'ppg_emd': False,
 'ppg_freqs': False,
 'pretrained_model_checkpoint': './checkpoints',
 'pretraining_ratio': 0.8,
 'pretraining_tr_val_tt_split_ratio': '0.7,0.1,0.2',
 'proj_head_dim': 256,
 'proj_hidden_dim': 512,
 'resp': False,
 'resume': '',
 'seed': 42,
 'sgd_momentum': 0.9,
 'sig2sig': True,
 'smoothl1loss_beta': 5,
 'ssl': False,
 'temperature': 0.0,
 'tensorboard_path': './tensorboard/unet_ppg_only/unet_ppg_only-UNet-2025_06_02-10_24_25'}
PhysioDataset initialized with following configuration:
{'Pretraining Ratio': 0.8,
 'Samples': 594333,
 'Subjects': {'Personalization': 305, 'Pretraining': 1219, 'Total': 1524}}
PhysioDataset get_pretraining_samplers
Pretraining train/val/test sets samples are sampled from the same subject set
{'Pretraining Samples (# per split)': {'Test': 95083,
                                       'Train': 332770,
                                       'Valid': 47536}}
Trainable parameters: 5098401 / 5098401 (100.00%)
Non-trainable parameters: 0 / 5098401 (0.00%)
Epoch 1/50 - Train Loss 13.1540, Val Loss 10.7383
Epoch 0 - checkpoint saved in ./checkpoints/unet_ppg_only/unet_ppg_only-UNet-2025_06_02-10_24_25/unet_ppg_only/ckpt
Epoch 2/50 - Train Loss 10.4012, Val Loss 10.5019
Epoch 1 - checkpoint saved in ./checkpoints/unet_ppg_only/unet_ppg_only-UNet-2025_06_02-10_24_25/unet_ppg_only/ckpt
Epoch 3/50 - Train Loss 9.8860, Val Loss 9.6629
Epoch 2 - checkpoint saved in ./checkpoints/unet_ppg_only/unet_ppg_only-UNet-2025_06_02-10_24_25/unet_ppg_only/ckpt
Epoch 4/50 - Train Loss 9.5174, Val Loss 9.3335
Epoch 3 - checkpoint saved in ./checkpoints/unet_ppg_only/unet_ppg_only-UNet-2025_06_02-10_24_25/unet_ppg_only/ckpt
Epoch 5/50 - Train Loss 9.1989, Val Loss 9.0769
Epoch 4 - checkpoint saved in ./checkpoints/unet_ppg_only/unet_ppg_only-UNet-2025_06_02-10_24_25/unet_ppg_only/ckpt
Epoch 6/50 - Train Loss 8.9406, Val Loss 8.8984
Epoch 5 - checkpoint saved in ./checkpoints/unet_ppg_only/unet_ppg_only-UNet-2025_06_02-10_24_25/unet_ppg_only/ckpt
Epoch 7/50 - Train Loss 8.7058, Val Loss 8.7031
Epoch 6 - checkpoint saved in ./checkpoints/unet_ppg_only/unet_ppg_only-UNet-2025_06_02-10_24_25/unet_ppg_only/ckpt
Epoch 8/50 - Train Loss 8.5127, Val Loss 8.5277
Epoch 7 - checkpoint saved in ./checkpoints/unet_ppg_only/unet_ppg_only-UNet-2025_06_02-10_24_25/unet_ppg_only/ckpt
Epoch 9/50 - Train Loss 8.3408, Val Loss 8.3679
Epoch 8 - checkpoint saved in ./checkpoints/unet_ppg_only/unet_ppg_only-UNet-2025_06_02-10_24_25/unet_ppg_only/ckpt
Epoch 10/50 - Train Loss 8.1899, Val Loss 8.3069
Epoch 9 - checkpoint saved in ./checkpoints/unet_ppg_only/unet_ppg_only-UNet-2025_06_02-10_24_25/unet_ppg_only/ckpt
Epoch 11/50 - Train Loss 8.0534, Val Loss 8.3290
Epoch 12/50 - Train Loss 7.9204, Val Loss 8.1946
Epoch 11 - checkpoint saved in ./checkpoints/unet_ppg_only/unet_ppg_only-UNet-2025_06_02-10_24_25/unet_ppg_only/ckpt
Epoch 13/50 - Train Loss 7.8060, Val Loss 8.0688
Epoch 12 - checkpoint saved in ./checkpoints/unet_ppg_only/unet_ppg_only-UNet-2025_06_02-10_24_25/unet_ppg_only/ckpt
Epoch 14/50 - Train Loss 7.6928, Val Loss 8.1001
Epoch 15/50 - Train Loss 7.5894, Val Loss 8.0416
Epoch 14 - checkpoint saved in ./checkpoints/unet_ppg_only/unet_ppg_only-UNet-2025_06_02-10_24_25/unet_ppg_only/ckpt
Epoch 16/50 - Train Loss 7.4926, Val Loss 7.8310
Epoch 15 - checkpoint saved in ./checkpoints/unet_ppg_only/unet_ppg_only-UNet-2025_06_02-10_24_25/unet_ppg_only/ckpt
Epoch 17/50 - Train Loss 7.4077, Val Loss 7.8297
Epoch 16 - checkpoint saved in ./checkpoints/unet_ppg_only/unet_ppg_only-UNet-2025_06_02-10_24_25/unet_ppg_only/ckpt
Epoch 18/50 - Train Loss 7.3151, Val Loss 7.8989
Epoch 19/50 - Train Loss 7.2283, Val Loss 7.6871
Epoch 18 - checkpoint saved in ./checkpoints/unet_ppg_only/unet_ppg_only-UNet-2025_06_02-10_24_25/unet_ppg_only/ckpt
Epoch 20/50 - Train Loss 7.1582, Val Loss 7.6928
Epoch 21/50 - Train Loss 7.0759, Val Loss 7.6689
Epoch 20 - checkpoint saved in ./checkpoints/unet_ppg_only/unet_ppg_only-UNet-2025_06_02-10_24_25/unet_ppg_only/ckpt
Epoch 22/50 - Train Loss 7.0138, Val Loss 7.6746
Epoch 23/50 - Train Loss 6.9443, Val Loss 7.5951
Epoch 22 - checkpoint saved in ./checkpoints/unet_ppg_only/unet_ppg_only-UNet-2025_06_02-10_24_25/unet_ppg_only/ckpt
Epoch 24/50 - Train Loss 6.8722, Val Loss 7.5420
Epoch 23 - checkpoint saved in ./checkpoints/unet_ppg_only/unet_ppg_only-UNet-2025_06_02-10_24_25/unet_ppg_only/ckpt
Epoch 25/50 - Train Loss 6.8187, Val Loss 7.5579
Epoch 26/50 - Train Loss 6.7580, Val Loss 7.5512
Epoch 27/50 - Train Loss 6.6980, Val Loss 7.5568
Epoch 28/50 - Train Loss 6.6416, Val Loss 7.5179
Epoch 27 - checkpoint saved in ./checkpoints/unet_ppg_only/unet_ppg_only-UNet-2025_06_02-10_24_25/unet_ppg_only/ckpt
Epoch 29/50 - Train Loss 6.5843, Val Loss 7.4914
Epoch 28 - checkpoint saved in ./checkpoints/unet_ppg_only/unet_ppg_only-UNet-2025_06_02-10_24_25/unet_ppg_only/ckpt
Epoch 30/50 - Train Loss 6.5374, Val Loss 7.4443
Epoch 29 - checkpoint saved in ./checkpoints/unet_ppg_only/unet_ppg_only-UNet-2025_06_02-10_24_25/unet_ppg_only/ckpt
Epoch 31/50 - Train Loss 6.4807, Val Loss 7.4429
Epoch 30 - checkpoint saved in ./checkpoints/unet_ppg_only/unet_ppg_only-UNet-2025_06_02-10_24_25/unet_ppg_only/ckpt
Epoch 32/50 - Train Loss 6.4382, Val Loss 7.4673
Epoch 33/50 - Train Loss 6.3904, Val Loss 7.4609
Epoch 34/50 - Train Loss 6.3367, Val Loss 7.4064
Epoch 33 - checkpoint saved in ./checkpoints/unet_ppg_only/unet_ppg_only-UNet-2025_06_02-10_24_25/unet_ppg_only/ckpt
Epoch 35/50 - Train Loss 6.2963, Val Loss 7.4492
Epoch 36/50 - Train Loss 6.2547, Val Loss 7.3812
Epoch 35 - checkpoint saved in ./checkpoints/unet_ppg_only/unet_ppg_only-UNet-2025_06_02-10_24_25/unet_ppg_only/ckpt
Epoch 37/50 - Train Loss 6.2166, Val Loss 7.4417
Epoch 38/50 - Train Loss 6.1696, Val Loss 7.4207
Epoch 39/50 - Train Loss 6.1324, Val Loss 7.3332
Epoch 38 - checkpoint saved in ./checkpoints/unet_ppg_only/unet_ppg_only-UNet-2025_06_02-10_24_25/unet_ppg_only/ckpt
Epoch 40/50 - Train Loss 6.1018, Val Loss 7.3861
Epoch 41/50 - Train Loss 6.0578, Val Loss 7.3898
Epoch 42/50 - Train Loss 6.0303, Val Loss 7.3066
Epoch 41 - checkpoint saved in ./checkpoints/unet_ppg_only/unet_ppg_only-UNet-2025_06_02-10_24_25/unet_ppg_only/ckpt
Epoch 43/50 - Train Loss 5.9904, Val Loss 7.3537
Epoch 44/50 - Train Loss 5.9622, Val Loss 7.3360
Epoch 45/50 - Train Loss 5.9283, Val Loss 7.3662
Epoch 46/50 - Train Loss 5.9006, Val Loss 7.3339
Epoch 47/50 - Train Loss 5.8709, Val Loss 7.3435
Epoch 48/50 - Train Loss 5.8406, Val Loss 7.3715
Epoch 49/50 - Train Loss 5.8149, Val Loss 7.3598
Epoch 50/50 - Train Loss 5.7860, Val Loss 7.3785
Checkpoint loaded from ./checkpoints/unet_ppg_only/unet_ppg_only-UNet-2025_06_02-10_24_25/unet_ppg_only/ckpt/UNet
Loaded checkpoint from validation on epoch 41: 7.306593760461849
SBP MAE μ 10.453743934631348 ±  8.992714881896973 / ME μ 3.1870322227478027 ± 13.416130065917969
DBP MAE μ 5.6618146896362305 ±  5.565223693847656 / ME μ -0.39242416620254517 ± 7.929304122924805
BHS grading standard:
		 ≤ 5 	 ≤ 10 	 ≤ 15
	 Grade A 60% 	 85% 	 95%
	 Grade B 50% 	 75% 	 90%
	 Grade C 40% 	 65% 	 85%
SBP:
		 33.18258784430445% 	 58.62772525057055% 	 75.64548867831263%
BHS standard grade for SBP: D
BHS grading standard:
		 ≤ 5 	 ≤ 10 	 ≤ 15
	 Grade A 60% 	 85% 	 95%
	 Grade B 50% 	 75% 	 90%
	 Grade C 40% 	 65% 	 85%
DBP:
		 58.127109998632776% 	 84.19486133167864% 	 93.73810249992111%
BHS standard grade for DBP: B
AAMI grade for SBP: Potentially Acceptable
AAMI grade for DBP: Acceptable
Pretraining completed, best model and configuration saved in ./checkpoints/unet_ppg_only/unet_ppg_only-UNet-2025_06_02-10_24_25
