Dataset folder: ./data/lmdb/mimic_iii
Checkpoint folder: ./checkpoints/efficient_unet_ch_16_32_64/efficient_unet_ch_16_32_64-EUNet-2025_05_30-11_21_42
Tensorboard folder: ./tensorboard/efficient_unet_ch_16_32_64/efficient_unet_ch_16_32_64-EUNet-2025_05_30-11_21_42
Figure folder: ./tensorboard/efficient_unet_ch_16_32_64/efficient_unet_ch_16_32_64-EUNet-2025_05_30-11_21_42
Configuration for the run:
{'attention_type': 'self_attention',
 'aug_prob': 0.2,
 'augmentation_types': 'jitter,scaling,magnitude_warp,flip',
 'batch_size': 128,
 'bidirectional': True,
 'channels': '16,32,64',
 'checkpoint_path': './checkpoints/efficient_unet_ch_16_32_64/efficient_unet_ch_16_32_64-EUNet-2025_05_30-11_21_42',
 'criterion': 'SmoothL1Loss',
 'dataset_folder': './data/lmdb',
 'dataset_name': 'mimic_iii',
 'dim_feedforward': 128,
 'dim_feedforward_attention': 128,
 'ecg': True,
 'embed_dim': 32,
 'enable_amp': False,
 'es_enable': False,
 'es_min_delta': 0.01,
 'es_patience': 10,
 'eval_every_n_epochs': 1,
 'expname': 'efficient_unet_ch_16_32_64',
 'figure_path': './figs/efficient_unet_ch_16_32_64/efficient_unet_ch_16_32_64-EUNet-2025_05_30-11_21_42',
 'fold': 0,
 'fs': 125,
 'gpu': '0',
 'hidden_dim': 128,
 'input_seq_len_s': 5,
 'kernel_size': 3,
 'l2norm': 0.001,
 'lambda_contrastive': 0.0,
 'lambda_cwg': 0.0,
 'lambda_msr': 0.0,
 'lambda_ortho': 0.0,
 'lambda_supervised': 1.0,
 'loader_worker': 4,
 'lp_dataset_name': 'test',
 'lr': 0.001,
 'lr_linear_probe': 0.0005,
 'lr_personalization': 0.0005,
 'lr_scheduler_enable': True,
 'lr_scheduler_min_lr': 0.0001,
 'lr_scheduler_type': 'ExponentialLR',
 'lr_scheduler_warmup': 0,
 'lrsched_gamma': 0.5,
 'lrsched_step': '5, '
                 '10, '
                 '15, '
                 '20, '
                 '40',
 'masking_ratio': 0.15,
 'max_lp_training_epochs': 75,
 'max_training_epochs': 50,
 'mix_pretraining_subject_samples': True,
 'model': 'models.EUNet',
 'model_name': 'EUNet',
 'num_encoder_layers': 2,
 'num_heads': 8,
 'num_heads_attention': 1,
 'num_layers': 2,
 'optimizer_type': 'Adam',
 'personalization_sample_number': 100,
 'ppg_derivatives': False,
 'ppg_emd': False,
 'ppg_freqs': False,
 'pretrained_model_checkpoint': './checkpoints',
 'pretraining_ratio': 0.8,
 'pretraining_tr_val_tt_split_ratio': '0.7,0.1,0.2',
 'proj_head_dim': 256,
 'proj_hidden_dim': 512,
 'resp': False,
 'resume': '',
 'seed': 42,
 'sgd_momentum': 0.9,
 'sig2sig': True,
 'smoothl1loss_beta': 5,
 'ssl': False,
 'temperature': 0.0,
 'tensorboard_path': './tensorboard/efficient_unet_ch_16_32_64/efficient_unet_ch_16_32_64-EUNet-2025_05_30-11_21_42'}
PhysioDataset initialized with following configuration:
{'Pretraining Ratio': 0.8,
 'Samples': 594333,
 'Subjects': {'Personalization': 305, 'Pretraining': 1219, 'Total': 1524}}
PhysioDataset get_pretraining_samplers
Pretraining train/val/test sets samples are sampled from the same subject set
{'Pretraining Samples (# per split)': {'Test': 95083,
                                       'Train': 332770,
                                       'Valid': 47536}}
Trainable parameters: 332417 / 332417 (100.00%)
Non-trainable parameters: 0 / 332417 (0.00%)
Epoch 1/50 - Train Loss 18.3273, Val Loss 9.6416
Epoch 0 - checkpoint saved in ./checkpoints/efficient_unet_ch_16_32_64/efficient_unet_ch_16_32_64-EUNet-2025_05_30-11_21_42/efficient_unet_ch_16_32_64/ckpt
Epoch 2/50 - Train Loss 9.8208, Val Loss 8.9943
Epoch 1 - checkpoint saved in ./checkpoints/efficient_unet_ch_16_32_64/efficient_unet_ch_16_32_64-EUNet-2025_05_30-11_21_42/efficient_unet_ch_16_32_64/ckpt
Epoch 3/50 - Train Loss 8.5714, Val Loss 8.0836
Epoch 2 - checkpoint saved in ./checkpoints/efficient_unet_ch_16_32_64/efficient_unet_ch_16_32_64-EUNet-2025_05_30-11_21_42/efficient_unet_ch_16_32_64/ckpt
Epoch 4/50 - Train Loss 7.8320, Val Loss 7.7926
Epoch 3 - checkpoint saved in ./checkpoints/efficient_unet_ch_16_32_64/efficient_unet_ch_16_32_64-EUNet-2025_05_30-11_21_42/efficient_unet_ch_16_32_64/ckpt
Epoch 5/50 - Train Loss 7.3434, Val Loss 7.1183
Epoch 4 - checkpoint saved in ./checkpoints/efficient_unet_ch_16_32_64/efficient_unet_ch_16_32_64-EUNet-2025_05_30-11_21_42/efficient_unet_ch_16_32_64/ckpt
Epoch 6/50 - Train Loss 6.9750, Val Loss 7.0843
Epoch 5 - checkpoint saved in ./checkpoints/efficient_unet_ch_16_32_64/efficient_unet_ch_16_32_64-EUNet-2025_05_30-11_21_42/efficient_unet_ch_16_32_64/ckpt
Epoch 7/50 - Train Loss 6.6823, Val Loss 6.5282
Epoch 6 - checkpoint saved in ./checkpoints/efficient_unet_ch_16_32_64/efficient_unet_ch_16_32_64-EUNet-2025_05_30-11_21_42/efficient_unet_ch_16_32_64/ckpt
Epoch 8/50 - Train Loss 6.4212, Val Loss 6.3643
Epoch 7 - checkpoint saved in ./checkpoints/efficient_unet_ch_16_32_64/efficient_unet_ch_16_32_64-EUNet-2025_05_30-11_21_42/efficient_unet_ch_16_32_64/ckpt
Epoch 9/50 - Train Loss 6.2176, Val Loss 6.2878
Epoch 8 - checkpoint saved in ./checkpoints/efficient_unet_ch_16_32_64/efficient_unet_ch_16_32_64-EUNet-2025_05_30-11_21_42/efficient_unet_ch_16_32_64/ckpt
Epoch 10/50 - Train Loss 6.0275, Val Loss 6.0042
Epoch 9 - checkpoint saved in ./checkpoints/efficient_unet_ch_16_32_64/efficient_unet_ch_16_32_64-EUNet-2025_05_30-11_21_42/efficient_unet_ch_16_32_64/ckpt
Epoch 11/50 - Train Loss 5.8518, Val Loss 5.9765
Epoch 10 - checkpoint saved in ./checkpoints/efficient_unet_ch_16_32_64/efficient_unet_ch_16_32_64-EUNet-2025_05_30-11_21_42/efficient_unet_ch_16_32_64/ckpt
Epoch 12/50 - Train Loss 5.6980, Val Loss 5.8858
Epoch 11 - checkpoint saved in ./checkpoints/efficient_unet_ch_16_32_64/efficient_unet_ch_16_32_64-EUNet-2025_05_30-11_21_42/efficient_unet_ch_16_32_64/ckpt
Epoch 13/50 - Train Loss 5.5617, Val Loss 5.6528
Epoch 12 - checkpoint saved in ./checkpoints/efficient_unet_ch_16_32_64/efficient_unet_ch_16_32_64-EUNet-2025_05_30-11_21_42/efficient_unet_ch_16_32_64/ckpt
Epoch 14/50 - Train Loss 5.4340, Val Loss 5.5847
Epoch 13 - checkpoint saved in ./checkpoints/efficient_unet_ch_16_32_64/efficient_unet_ch_16_32_64-EUNet-2025_05_30-11_21_42/efficient_unet_ch_16_32_64/ckpt
Epoch 15/50 - Train Loss 5.3253, Val Loss 5.5314
Epoch 14 - checkpoint saved in ./checkpoints/efficient_unet_ch_16_32_64/efficient_unet_ch_16_32_64-EUNet-2025_05_30-11_21_42/efficient_unet_ch_16_32_64/ckpt
Epoch 16/50 - Train Loss 5.2222, Val Loss 5.5049
Epoch 15 - checkpoint saved in ./checkpoints/efficient_unet_ch_16_32_64/efficient_unet_ch_16_32_64-EUNet-2025_05_30-11_21_42/efficient_unet_ch_16_32_64/ckpt
Epoch 17/50 - Train Loss 5.1263, Val Loss 5.3275
Epoch 16 - checkpoint saved in ./checkpoints/efficient_unet_ch_16_32_64/efficient_unet_ch_16_32_64-EUNet-2025_05_30-11_21_42/efficient_unet_ch_16_32_64/ckpt
Epoch 18/50 - Train Loss 5.0289, Val Loss 5.1566
Epoch 17 - checkpoint saved in ./checkpoints/efficient_unet_ch_16_32_64/efficient_unet_ch_16_32_64-EUNet-2025_05_30-11_21_42/efficient_unet_ch_16_32_64/ckpt
Epoch 19/50 - Train Loss 4.9471, Val Loss 5.1160
Epoch 18 - checkpoint saved in ./checkpoints/efficient_unet_ch_16_32_64/efficient_unet_ch_16_32_64-EUNet-2025_05_30-11_21_42/efficient_unet_ch_16_32_64/ckpt
Epoch 20/50 - Train Loss 4.8694, Val Loss 5.0135
Epoch 19 - checkpoint saved in ./checkpoints/efficient_unet_ch_16_32_64/efficient_unet_ch_16_32_64-EUNet-2025_05_30-11_21_42/efficient_unet_ch_16_32_64/ckpt
Epoch 21/50 - Train Loss 4.7933, Val Loss 5.0144
Epoch 22/50 - Train Loss 4.7279, Val Loss 4.8671
Epoch 21 - checkpoint saved in ./checkpoints/efficient_unet_ch_16_32_64/efficient_unet_ch_16_32_64-EUNet-2025_05_30-11_21_42/efficient_unet_ch_16_32_64/ckpt
Epoch 23/50 - Train Loss 4.6518, Val Loss 4.8303
Epoch 22 - checkpoint saved in ./checkpoints/efficient_unet_ch_16_32_64/efficient_unet_ch_16_32_64-EUNet-2025_05_30-11_21_42/efficient_unet_ch_16_32_64/ckpt
Epoch 24/50 - Train Loss 4.5992, Val Loss 4.8579
Epoch 25/50 - Train Loss 4.5374, Val Loss 4.7329
Epoch 24 - checkpoint saved in ./checkpoints/efficient_unet_ch_16_32_64/efficient_unet_ch_16_32_64-EUNet-2025_05_30-11_21_42/efficient_unet_ch_16_32_64/ckpt
Epoch 26/50 - Train Loss 4.4757, Val Loss 4.6721
Epoch 25 - checkpoint saved in ./checkpoints/efficient_unet_ch_16_32_64/efficient_unet_ch_16_32_64-EUNet-2025_05_30-11_21_42/efficient_unet_ch_16_32_64/ckpt
Epoch 27/50 - Train Loss 4.4290, Val Loss 4.6394
Epoch 26 - checkpoint saved in ./checkpoints/efficient_unet_ch_16_32_64/efficient_unet_ch_16_32_64-EUNet-2025_05_30-11_21_42/efficient_unet_ch_16_32_64/ckpt
Epoch 28/50 - Train Loss 4.3761, Val Loss 4.6894
Epoch 29/50 - Train Loss 4.3310, Val Loss 4.5407
Epoch 28 - checkpoint saved in ./checkpoints/efficient_unet_ch_16_32_64/efficient_unet_ch_16_32_64-EUNet-2025_05_30-11_21_42/efficient_unet_ch_16_32_64/ckpt
Epoch 30/50 - Train Loss 4.2852, Val Loss 4.5586
Epoch 31/50 - Train Loss 4.2374, Val Loss 4.4905
Epoch 30 - checkpoint saved in ./checkpoints/efficient_unet_ch_16_32_64/efficient_unet_ch_16_32_64-EUNet-2025_05_30-11_21_42/efficient_unet_ch_16_32_64/ckpt
Epoch 32/50 - Train Loss 4.1953, Val Loss 4.4506
Epoch 31 - checkpoint saved in ./checkpoints/efficient_unet_ch_16_32_64/efficient_unet_ch_16_32_64-EUNet-2025_05_30-11_21_42/efficient_unet_ch_16_32_64/ckpt
Epoch 33/50 - Train Loss 4.1562, Val Loss 4.4343
Epoch 32 - checkpoint saved in ./checkpoints/efficient_unet_ch_16_32_64/efficient_unet_ch_16_32_64-EUNet-2025_05_30-11_21_42/efficient_unet_ch_16_32_64/ckpt
Epoch 34/50 - Train Loss 4.1191, Val Loss 4.4967
Epoch 35/50 - Train Loss 4.0818, Val Loss 4.4163
Epoch 34 - checkpoint saved in ./checkpoints/efficient_unet_ch_16_32_64/efficient_unet_ch_16_32_64-EUNet-2025_05_30-11_21_42/efficient_unet_ch_16_32_64/ckpt
Epoch 36/50 - Train Loss 4.0455, Val Loss 4.4264
Epoch 37/50 - Train Loss 4.0129, Val Loss 4.3364
Epoch 36 - checkpoint saved in ./checkpoints/efficient_unet_ch_16_32_64/efficient_unet_ch_16_32_64-EUNet-2025_05_30-11_21_42/efficient_unet_ch_16_32_64/ckpt
Epoch 38/50 - Train Loss 3.9771, Val Loss 4.3154
Epoch 37 - checkpoint saved in ./checkpoints/efficient_unet_ch_16_32_64/efficient_unet_ch_16_32_64-EUNet-2025_05_30-11_21_42/efficient_unet_ch_16_32_64/ckpt
Epoch 39/50 - Train Loss 3.9467, Val Loss 4.3265
Epoch 40/50 - Train Loss 3.9183, Val Loss 4.2718
Epoch 39 - checkpoint saved in ./checkpoints/efficient_unet_ch_16_32_64/efficient_unet_ch_16_32_64-EUNet-2025_05_30-11_21_42/efficient_unet_ch_16_32_64/ckpt
Epoch 41/50 - Train Loss 3.8903, Val Loss 4.2526
Epoch 40 - checkpoint saved in ./checkpoints/efficient_unet_ch_16_32_64/efficient_unet_ch_16_32_64-EUNet-2025_05_30-11_21_42/efficient_unet_ch_16_32_64/ckpt
Epoch 42/50 - Train Loss 3.8649, Val Loss 4.2513
Epoch 41 - checkpoint saved in ./checkpoints/efficient_unet_ch_16_32_64/efficient_unet_ch_16_32_64-EUNet-2025_05_30-11_21_42/efficient_unet_ch_16_32_64/ckpt
Epoch 43/50 - Train Loss 3.8382, Val Loss 4.2303
Epoch 42 - checkpoint saved in ./checkpoints/efficient_unet_ch_16_32_64/efficient_unet_ch_16_32_64-EUNet-2025_05_30-11_21_42/efficient_unet_ch_16_32_64/ckpt
Epoch 44/50 - Train Loss 3.8135, Val Loss 4.1971
Epoch 43 - checkpoint saved in ./checkpoints/efficient_unet_ch_16_32_64/efficient_unet_ch_16_32_64-EUNet-2025_05_30-11_21_42/efficient_unet_ch_16_32_64/ckpt
Epoch 45/50 - Train Loss 3.7886, Val Loss 4.1790
Epoch 44 - checkpoint saved in ./checkpoints/efficient_unet_ch_16_32_64/efficient_unet_ch_16_32_64-EUNet-2025_05_30-11_21_42/efficient_unet_ch_16_32_64/ckpt
Epoch 46/50 - Train Loss 3.7646, Val Loss 4.1593
Epoch 45 - checkpoint saved in ./checkpoints/efficient_unet_ch_16_32_64/efficient_unet_ch_16_32_64-EUNet-2025_05_30-11_21_42/efficient_unet_ch_16_32_64/ckpt
Epoch 47/50 - Train Loss 3.7416, Val Loss 4.2114
Epoch 48/50 - Train Loss 3.7244, Val Loss 4.1457
Epoch 47 - checkpoint saved in ./checkpoints/efficient_unet_ch_16_32_64/efficient_unet_ch_16_32_64-EUNet-2025_05_30-11_21_42/efficient_unet_ch_16_32_64/ckpt
Epoch 49/50 - Train Loss 3.7017, Val Loss 4.1082
Epoch 48 - checkpoint saved in ./checkpoints/efficient_unet_ch_16_32_64/efficient_unet_ch_16_32_64-EUNet-2025_05_30-11_21_42/efficient_unet_ch_16_32_64/ckpt
Epoch 50/50 - Train Loss 3.6824, Val Loss 4.1049
Epoch 49 - checkpoint saved in ./checkpoints/efficient_unet_ch_16_32_64/efficient_unet_ch_16_32_64-EUNet-2025_05_30-11_21_42/efficient_unet_ch_16_32_64/ckpt
Checkpoint loaded from ./checkpoints/efficient_unet_ch_16_32_64/efficient_unet_ch_16_32_64-EUNet-2025_05_30-11_21_42/efficient_unet_ch_16_32_64/ckpt/EUNet
Loaded checkpoint from validation on epoch 49: 4.104862353730306
SBP MAE μ 6.4734368324279785 ±  6.030272483825684 / ME μ 1.0141223669052124 ± 8.78869342803955
DBP MAE μ 3.077016830444336 ±  3.09076189994812 / ME μ -0.24062971770763397 ± 4.354645729064941
BHS grading standard:
		 ≤ 5 	 ≤ 10 	 ≤ 15
	 Grade A 60% 	 85% 	 95%
	 Grade B 50% 	 75% 	 90%
	 Grade C 40% 	 65% 	 85%
SBP:
		 51.442423987463584% 	 79.51999831725965% 	 91.30443927936645%
BHS standard grade for SBP: B
BHS grading standard:
		 ≤ 5 	 ≤ 10 	 ≤ 15
	 Grade A 60% 	 85% 	 95%
	 Grade B 50% 	 75% 	 90%
	 Grade C 40% 	 65% 	 85%
DBP:
		 82.20291745106907% 	 96.80068992354049% 	 99.11025104382487%
BHS standard grade for DBP: A
AAMI grade for SBP: Potentially Acceptable
AAMI grade for DBP: Acceptable
Pretraining completed, best model and configuration saved in ./checkpoints/efficient_unet_ch_16_32_64/efficient_unet_ch_16_32_64-EUNet-2025_05_30-11_21_42
