Dataset folder: ./data/lmdb/mimic_iii
Checkpoint folder: ./checkpoints/efficient_unet_ch_16_32_64_nystrom/efficient_unet_ch_16_32_64_nystrom-EUNet-2025_05_30-11_22_04
Tensorboard folder: ./tensorboard/efficient_unet_ch_16_32_64_nystrom/efficient_unet_ch_16_32_64_nystrom-EUNet-2025_05_30-11_22_04
Figure folder: ./tensorboard/efficient_unet_ch_16_32_64_nystrom/efficient_unet_ch_16_32_64_nystrom-EUNet-2025_05_30-11_22_04
Configuration for the run:
{'attention_type': 'nystrom_attention',
 'aug_prob': 0.2,
 'augmentation_types': 'jitter,scaling,magnitude_warp,flip',
 'batch_size': 128,
 'bidirectional': True,
 'channels': '16,32,64',
 'checkpoint_path': './checkpoints/efficient_unet_ch_16_32_64_nystrom/efficient_unet_ch_16_32_64_nystrom-EUNet-2025_05_30-11_22_04',
 'criterion': 'SmoothL1Loss',
 'dataset_folder': './data/lmdb',
 'dataset_name': 'mimic_iii',
 'dim_feedforward': 128,
 'dim_feedforward_attention': 128,
 'ecg': True,
 'embed_dim': 32,
 'enable_amp': False,
 'es_enable': False,
 'es_min_delta': 0.01,
 'es_patience': 10,
 'eval_every_n_epochs': 1,
 'expname': 'efficient_unet_ch_16_32_64_nystrom',
 'figure_path': './figs/efficient_unet_ch_16_32_64_nystrom/efficient_unet_ch_16_32_64_nystrom-EUNet-2025_05_30-11_22_04',
 'fold': 0,
 'fs': 125,
 'gpu': '0',
 'hidden_dim': 128,
 'input_seq_len_s': 5,
 'kernel_size': 3,
 'l2norm': 0.001,
 'lambda_contrastive': 0.0,
 'lambda_cwg': 0.0,
 'lambda_msr': 0.0,
 'lambda_ortho': 0.0,
 'lambda_supervised': 1.0,
 'loader_worker': 4,
 'lp_dataset_name': 'test',
 'lr': 0.001,
 'lr_linear_probe': 0.0005,
 'lr_personalization': 0.0005,
 'lr_scheduler_enable': True,
 'lr_scheduler_min_lr': 0.0001,
 'lr_scheduler_type': 'ExponentialLR',
 'lr_scheduler_warmup': 0,
 'lrsched_gamma': 0.5,
 'lrsched_step': '5, '
                 '10, '
                 '15, '
                 '20, '
                 '40',
 'masking_ratio': 0.15,
 'max_lp_training_epochs': 75,
 'max_training_epochs': 50,
 'mix_pretraining_subject_samples': True,
 'model': 'models.EUNet',
 'model_name': 'EUNet',
 'num_encoder_layers': 2,
 'num_heads': 8,
 'num_heads_attention': 1,
 'num_layers': 2,
 'optimizer_type': 'Adam',
 'personalization_sample_number': 100,
 'ppg_derivatives': False,
 'ppg_emd': False,
 'ppg_freqs': False,
 'pretrained_model_checkpoint': './checkpoints',
 'pretraining_ratio': 0.8,
 'pretraining_tr_val_tt_split_ratio': '0.7,0.1,0.2',
 'proj_head_dim': 256,
 'proj_hidden_dim': 512,
 'resp': False,
 'resume': '',
 'seed': 42,
 'sgd_momentum': 0.9,
 'sig2sig': True,
 'smoothl1loss_beta': 5,
 'ssl': False,
 'temperature': 0.0,
 'tensorboard_path': './tensorboard/efficient_unet_ch_16_32_64_nystrom/efficient_unet_ch_16_32_64_nystrom-EUNet-2025_05_30-11_22_04'}
PhysioDataset initialized with following configuration:
{'Pretraining Ratio': 0.8,
 'Samples': 594333,
 'Subjects': {'Personalization': 305, 'Pretraining': 1219, 'Total': 1524}}
PhysioDataset get_pretraining_samplers
Pretraining train/val/test sets samples are sampled from the same subject set
{'Pretraining Samples (# per split)': {'Test': 95083,
                                       'Train': 332770,
                                       'Valid': 47536}}
Trainable parameters: 326977 / 326977 (100.00%)
Non-trainable parameters: 0 / 326977 (0.00%)
Epoch 1/50 - Train Loss 12.1811, Val Loss 10.3064
Epoch 0 - checkpoint saved in ./checkpoints/efficient_unet_ch_16_32_64_nystrom/efficient_unet_ch_16_32_64_nystrom-EUNet-2025_05_30-11_22_04/efficient_unet_ch_16_32_64_nystrom/ckpt
Epoch 2/50 - Train Loss 10.3577, Val Loss 9.6471
Epoch 1 - checkpoint saved in ./checkpoints/efficient_unet_ch_16_32_64_nystrom/efficient_unet_ch_16_32_64_nystrom-EUNet-2025_05_30-11_22_04/efficient_unet_ch_16_32_64_nystrom/ckpt
Epoch 3/50 - Train Loss 9.3309, Val Loss 8.9237
Epoch 2 - checkpoint saved in ./checkpoints/efficient_unet_ch_16_32_64_nystrom/efficient_unet_ch_16_32_64_nystrom-EUNet-2025_05_30-11_22_04/efficient_unet_ch_16_32_64_nystrom/ckpt
Epoch 4/50 - Train Loss 8.7200, Val Loss 8.8476
Epoch 3 - checkpoint saved in ./checkpoints/efficient_unet_ch_16_32_64_nystrom/efficient_unet_ch_16_32_64_nystrom-EUNet-2025_05_30-11_22_04/efficient_unet_ch_16_32_64_nystrom/ckpt
Epoch 5/50 - Train Loss 8.2639, Val Loss 8.0153
Epoch 4 - checkpoint saved in ./checkpoints/efficient_unet_ch_16_32_64_nystrom/efficient_unet_ch_16_32_64_nystrom-EUNet-2025_05_30-11_22_04/efficient_unet_ch_16_32_64_nystrom/ckpt
Epoch 6/50 - Train Loss 7.8705, Val Loss 7.8981
Epoch 5 - checkpoint saved in ./checkpoints/efficient_unet_ch_16_32_64_nystrom/efficient_unet_ch_16_32_64_nystrom-EUNet-2025_05_30-11_22_04/efficient_unet_ch_16_32_64_nystrom/ckpt
Epoch 7/50 - Train Loss 7.5430, Val Loss 7.3561
Epoch 6 - checkpoint saved in ./checkpoints/efficient_unet_ch_16_32_64_nystrom/efficient_unet_ch_16_32_64_nystrom-EUNet-2025_05_30-11_22_04/efficient_unet_ch_16_32_64_nystrom/ckpt
Epoch 8/50 - Train Loss 7.2924, Val Loss 7.2089
Epoch 7 - checkpoint saved in ./checkpoints/efficient_unet_ch_16_32_64_nystrom/efficient_unet_ch_16_32_64_nystrom-EUNet-2025_05_30-11_22_04/efficient_unet_ch_16_32_64_nystrom/ckpt
Epoch 9/50 - Train Loss 7.0725, Val Loss 7.0230
Epoch 8 - checkpoint saved in ./checkpoints/efficient_unet_ch_16_32_64_nystrom/efficient_unet_ch_16_32_64_nystrom-EUNet-2025_05_30-11_22_04/efficient_unet_ch_16_32_64_nystrom/ckpt
Epoch 10/50 - Train Loss 6.8636, Val Loss 6.8247
Epoch 9 - checkpoint saved in ./checkpoints/efficient_unet_ch_16_32_64_nystrom/efficient_unet_ch_16_32_64_nystrom-EUNet-2025_05_30-11_22_04/efficient_unet_ch_16_32_64_nystrom/ckpt
Epoch 11/50 - Train Loss 6.6872, Val Loss 6.6634
Epoch 10 - checkpoint saved in ./checkpoints/efficient_unet_ch_16_32_64_nystrom/efficient_unet_ch_16_32_64_nystrom-EUNet-2025_05_30-11_22_04/efficient_unet_ch_16_32_64_nystrom/ckpt
Epoch 12/50 - Train Loss 6.5080, Val Loss 6.5340
Epoch 11 - checkpoint saved in ./checkpoints/efficient_unet_ch_16_32_64_nystrom/efficient_unet_ch_16_32_64_nystrom-EUNet-2025_05_30-11_22_04/efficient_unet_ch_16_32_64_nystrom/ckpt
Epoch 13/50 - Train Loss 6.3716, Val Loss 6.3823
Epoch 12 - checkpoint saved in ./checkpoints/efficient_unet_ch_16_32_64_nystrom/efficient_unet_ch_16_32_64_nystrom-EUNet-2025_05_30-11_22_04/efficient_unet_ch_16_32_64_nystrom/ckpt
Epoch 14/50 - Train Loss 6.2320, Val Loss 6.3009
Epoch 13 - checkpoint saved in ./checkpoints/efficient_unet_ch_16_32_64_nystrom/efficient_unet_ch_16_32_64_nystrom-EUNet-2025_05_30-11_22_04/efficient_unet_ch_16_32_64_nystrom/ckpt
Epoch 15/50 - Train Loss 6.1186, Val Loss 6.1364
Epoch 14 - checkpoint saved in ./checkpoints/efficient_unet_ch_16_32_64_nystrom/efficient_unet_ch_16_32_64_nystrom-EUNet-2025_05_30-11_22_04/efficient_unet_ch_16_32_64_nystrom/ckpt
Epoch 16/50 - Train Loss 6.0054, Val Loss 6.1100
Epoch 15 - checkpoint saved in ./checkpoints/efficient_unet_ch_16_32_64_nystrom/efficient_unet_ch_16_32_64_nystrom-EUNet-2025_05_30-11_22_04/efficient_unet_ch_16_32_64_nystrom/ckpt
Epoch 17/50 - Train Loss 5.9024, Val Loss 5.9465
Epoch 16 - checkpoint saved in ./checkpoints/efficient_unet_ch_16_32_64_nystrom/efficient_unet_ch_16_32_64_nystrom-EUNet-2025_05_30-11_22_04/efficient_unet_ch_16_32_64_nystrom/ckpt
Epoch 18/50 - Train Loss 5.8137, Val Loss 5.8658
Epoch 17 - checkpoint saved in ./checkpoints/efficient_unet_ch_16_32_64_nystrom/efficient_unet_ch_16_32_64_nystrom-EUNet-2025_05_30-11_22_04/efficient_unet_ch_16_32_64_nystrom/ckpt
Epoch 19/50 - Train Loss 5.7284, Val Loss 5.8630
Epoch 18 - checkpoint saved in ./checkpoints/efficient_unet_ch_16_32_64_nystrom/efficient_unet_ch_16_32_64_nystrom-EUNet-2025_05_30-11_22_04/efficient_unet_ch_16_32_64_nystrom/ckpt
Epoch 20/50 - Train Loss 5.6509, Val Loss 5.8687
Epoch 21/50 - Train Loss 5.5781, Val Loss 5.6814
Epoch 20 - checkpoint saved in ./checkpoints/efficient_unet_ch_16_32_64_nystrom/efficient_unet_ch_16_32_64_nystrom-EUNet-2025_05_30-11_22_04/efficient_unet_ch_16_32_64_nystrom/ckpt
Epoch 22/50 - Train Loss 5.5017, Val Loss 5.6725
Epoch 21 - checkpoint saved in ./checkpoints/efficient_unet_ch_16_32_64_nystrom/efficient_unet_ch_16_32_64_nystrom-EUNet-2025_05_30-11_22_04/efficient_unet_ch_16_32_64_nystrom/ckpt
Epoch 23/50 - Train Loss 5.4422, Val Loss 5.5501
Epoch 22 - checkpoint saved in ./checkpoints/efficient_unet_ch_16_32_64_nystrom/efficient_unet_ch_16_32_64_nystrom-EUNet-2025_05_30-11_22_04/efficient_unet_ch_16_32_64_nystrom/ckpt
Epoch 24/50 - Train Loss 5.3792, Val Loss 5.5591
Epoch 25/50 - Train Loss 5.3135, Val Loss 5.5666
Epoch 26/50 - Train Loss 5.2621, Val Loss 5.4541
Epoch 25 - checkpoint saved in ./checkpoints/efficient_unet_ch_16_32_64_nystrom/efficient_unet_ch_16_32_64_nystrom-EUNet-2025_05_30-11_22_04/efficient_unet_ch_16_32_64_nystrom/ckpt
Epoch 27/50 - Train Loss 5.2075, Val Loss 5.4230
Epoch 26 - checkpoint saved in ./checkpoints/efficient_unet_ch_16_32_64_nystrom/efficient_unet_ch_16_32_64_nystrom-EUNet-2025_05_30-11_22_04/efficient_unet_ch_16_32_64_nystrom/ckpt
Epoch 28/50 - Train Loss 5.1562, Val Loss 5.3367
Epoch 27 - checkpoint saved in ./checkpoints/efficient_unet_ch_16_32_64_nystrom/efficient_unet_ch_16_32_64_nystrom-EUNet-2025_05_30-11_22_04/efficient_unet_ch_16_32_64_nystrom/ckpt
Epoch 29/50 - Train Loss 5.1084, Val Loss 5.2825
Epoch 28 - checkpoint saved in ./checkpoints/efficient_unet_ch_16_32_64_nystrom/efficient_unet_ch_16_32_64_nystrom-EUNet-2025_05_30-11_22_04/efficient_unet_ch_16_32_64_nystrom/ckpt
Epoch 30/50 - Train Loss 5.0610, Val Loss 5.3273
Epoch 31/50 - Train Loss 5.0175, Val Loss 5.2546
Epoch 30 - checkpoint saved in ./checkpoints/efficient_unet_ch_16_32_64_nystrom/efficient_unet_ch_16_32_64_nystrom-EUNet-2025_05_30-11_22_04/efficient_unet_ch_16_32_64_nystrom/ckpt
Epoch 32/50 - Train Loss 4.9706, Val Loss 5.2121
Epoch 31 - checkpoint saved in ./checkpoints/efficient_unet_ch_16_32_64_nystrom/efficient_unet_ch_16_32_64_nystrom-EUNet-2025_05_30-11_22_04/efficient_unet_ch_16_32_64_nystrom/ckpt
Epoch 33/50 - Train Loss 4.9337, Val Loss 5.2150
Epoch 34/50 - Train Loss 4.8923, Val Loss 5.1390
Epoch 33 - checkpoint saved in ./checkpoints/efficient_unet_ch_16_32_64_nystrom/efficient_unet_ch_16_32_64_nystrom-EUNet-2025_05_30-11_22_04/efficient_unet_ch_16_32_64_nystrom/ckpt
Epoch 35/50 - Train Loss 4.8555, Val Loss 5.0968
Epoch 34 - checkpoint saved in ./checkpoints/efficient_unet_ch_16_32_64_nystrom/efficient_unet_ch_16_32_64_nystrom-EUNet-2025_05_30-11_22_04/efficient_unet_ch_16_32_64_nystrom/ckpt
Epoch 36/50 - Train Loss 4.8197, Val Loss 5.1112
Epoch 37/50 - Train Loss 4.7869, Val Loss 5.0935
Epoch 36 - checkpoint saved in ./checkpoints/efficient_unet_ch_16_32_64_nystrom/efficient_unet_ch_16_32_64_nystrom-EUNet-2025_05_30-11_22_04/efficient_unet_ch_16_32_64_nystrom/ckpt
Epoch 38/50 - Train Loss 4.7551, Val Loss 5.0455
Epoch 37 - checkpoint saved in ./checkpoints/efficient_unet_ch_16_32_64_nystrom/efficient_unet_ch_16_32_64_nystrom-EUNet-2025_05_30-11_22_04/efficient_unet_ch_16_32_64_nystrom/ckpt
Epoch 39/50 - Train Loss 4.7218, Val Loss 4.9936
Epoch 38 - checkpoint saved in ./checkpoints/efficient_unet_ch_16_32_64_nystrom/efficient_unet_ch_16_32_64_nystrom-EUNet-2025_05_30-11_22_04/efficient_unet_ch_16_32_64_nystrom/ckpt
Epoch 40/50 - Train Loss 4.6907, Val Loss 5.0129
Epoch 41/50 - Train Loss 4.6597, Val Loss 4.9726
Epoch 40 - checkpoint saved in ./checkpoints/efficient_unet_ch_16_32_64_nystrom/efficient_unet_ch_16_32_64_nystrom-EUNet-2025_05_30-11_22_04/efficient_unet_ch_16_32_64_nystrom/ckpt
Epoch 42/50 - Train Loss 4.6336, Val Loss 4.9617
Epoch 41 - checkpoint saved in ./checkpoints/efficient_unet_ch_16_32_64_nystrom/efficient_unet_ch_16_32_64_nystrom-EUNet-2025_05_30-11_22_04/efficient_unet_ch_16_32_64_nystrom/ckpt
Epoch 43/50 - Train Loss 4.6068, Val Loss 4.9236
Epoch 42 - checkpoint saved in ./checkpoints/efficient_unet_ch_16_32_64_nystrom/efficient_unet_ch_16_32_64_nystrom-EUNet-2025_05_30-11_22_04/efficient_unet_ch_16_32_64_nystrom/ckpt
Epoch 44/50 - Train Loss 4.5793, Val Loss 4.9172
Epoch 43 - checkpoint saved in ./checkpoints/efficient_unet_ch_16_32_64_nystrom/efficient_unet_ch_16_32_64_nystrom-EUNet-2025_05_30-11_22_04/efficient_unet_ch_16_32_64_nystrom/ckpt
Epoch 45/50 - Train Loss 4.5562, Val Loss 4.8896
Epoch 44 - checkpoint saved in ./checkpoints/efficient_unet_ch_16_32_64_nystrom/efficient_unet_ch_16_32_64_nystrom-EUNet-2025_05_30-11_22_04/efficient_unet_ch_16_32_64_nystrom/ckpt
Epoch 46/50 - Train Loss 4.5334, Val Loss 4.8679
Epoch 45 - checkpoint saved in ./checkpoints/efficient_unet_ch_16_32_64_nystrom/efficient_unet_ch_16_32_64_nystrom-EUNet-2025_05_30-11_22_04/efficient_unet_ch_16_32_64_nystrom/ckpt
Epoch 47/50 - Train Loss 4.5114, Val Loss 4.8683
Epoch 48/50 - Train Loss 4.4887, Val Loss 4.8505
Epoch 47 - checkpoint saved in ./checkpoints/efficient_unet_ch_16_32_64_nystrom/efficient_unet_ch_16_32_64_nystrom-EUNet-2025_05_30-11_22_04/efficient_unet_ch_16_32_64_nystrom/ckpt
Epoch 49/50 - Train Loss 4.4700, Val Loss 4.8207
Epoch 48 - checkpoint saved in ./checkpoints/efficient_unet_ch_16_32_64_nystrom/efficient_unet_ch_16_32_64_nystrom-EUNet-2025_05_30-11_22_04/efficient_unet_ch_16_32_64_nystrom/ckpt
Epoch 50/50 - Train Loss 4.4475, Val Loss 4.8237
Checkpoint loaded from ./checkpoints/efficient_unet_ch_16_32_64_nystrom/efficient_unet_ch_16_32_64_nystrom-EUNet-2025_05_30-11_22_04/efficient_unet_ch_16_32_64_nystrom/ckpt/EUNet
Loaded checkpoint from validation on epoch 48: 4.820701723024926
SBP MAE μ 7.99551248550415 ±  6.973330974578857 / ME μ 2.9519202709198 ± 10.190276145935059
DBP MAE μ 3.4850025177001953 ±  3.5328235626220703 / ME μ -0.008745630271732807 ± 4.962460041046143
BHS grading standard:
		 ≤ 5 	 ≤ 10 	 ≤ 15
	 Grade A 60% 	 85% 	 95%
	 Grade B 50% 	 75% 	 90%
	 Grade C 40% 	 65% 	 85%
SBP:
		 42.43765972886846% 	 70.26702985812395% 	 85.30757338325463%
BHS standard grade for SBP: C
BHS grading standard:
		 ≤ 5 	 ≤ 10 	 ≤ 15
	 Grade A 60% 	 85% 	 95%
	 Grade B 50% 	 75% 	 90%
	 Grade C 40% 	 65% 	 85%
DBP:
		 77.8246374220418% 	 95.21681057602306% 	 98.53180905103962%
BHS standard grade for DBP: A
AAMI grade for SBP: Potentially Acceptable
AAMI grade for DBP: Acceptable
Pretraining completed, best model and configuration saved in ./checkpoints/efficient_unet_ch_16_32_64_nystrom/efficient_unet_ch_16_32_64_nystrom-EUNet-2025_05_30-11_22_04
