
--- Model Summary (Full Forward/Backward) ---
=====================================================================================================================================================================
Layer (type:depth-idx)                   Input Shape               Output Shape              Param #                   Param %                   Mult-Adds
=====================================================================================================================================================================
EUNet                                    [128, 625, 2]             [128, 625]                --                             --                   --
├─ModuleList: 1-1                        --                        --                        --                             --                   --
│    └─ResidualBlock1D: 2-1              [128, 1, 625]             [128, 16, 625]            --                             --                   --
│    │    └─Sequential: 3-1              [128, 1, 625]             [128, 16, 625]            64                          0.02%                   2,564,096
│    │    └─Conv1d: 3-2                  [128, 1, 625]             [128, 16, 625]            64                          0.02%                   5,120,000
│    │    └─BatchNorm1d: 3-3             [128, 16, 625]            [128, 16, 625]            32                          0.01%                   4,096
│    │    └─ReLU: 3-4                    [128, 16, 625]            [128, 16, 625]            --                             --                   --
│    │    └─Conv1d: 3-5                  [128, 16, 625]            [128, 16, 625]            784                         0.24%                   62,720,000
│    └─ResidualBlock1D: 2-2              [128, 16, 625]            [128, 32, 313]            --                             --                   --
│    │    └─Sequential: 3-6              [128, 16, 625]            [128, 32, 313]            608                         0.19%                   21,803,008
│    │    └─Conv1d: 3-7                  [128, 16, 625]            [128, 32, 313]            1,568                       0.48%                   62,820,352
│    │    └─BatchNorm1d: 3-8             [128, 32, 313]            [128, 32, 313]            64                          0.02%                   8,192
│    │    └─ReLU: 3-9                    [128, 32, 313]            [128, 32, 313]            --                             --                   --
│    │    └─Conv1d: 3-10                 [128, 32, 313]            [128, 32, 313]            3,104                       0.95%                   124,358,656
│    └─ResidualBlock1D: 2-3              [128, 32, 313]            [128, 64, 157]            --                             --                   --
│    │    └─Sequential: 3-11             [128, 32, 313]            [128, 64, 157]            2,240                       0.69%                   42,459,136
│    │    └─Conv1d: 3-12                 [128, 32, 313]            [128, 64, 157]            6,208                       1.90%                   124,755,968
│    │    └─BatchNorm1d: 3-13            [128, 64, 157]            [128, 64, 157]            128                         0.04%                   16,384
│    │    └─ReLU: 3-14                   [128, 64, 157]            [128, 64, 157]            --                             --                   --
│    │    └─Conv1d: 3-15                 [128, 64, 157]            [128, 64, 157]            12,352                      3.78%                   248,225,792
├─ModuleList: 1-2                        --                        --                        --                             --                   --
│    └─ResidualBlock1D: 2-4              [128, 1, 625]             [128, 16, 625]            --                             --                   --
│    │    └─Sequential: 3-16             [128, 1, 625]             [128, 16, 625]            64                          0.02%                   2,564,096
│    │    └─Conv1d: 3-17                 [128, 1, 625]             [128, 16, 625]            64                          0.02%                   5,120,000
│    │    └─BatchNorm1d: 3-18            [128, 16, 625]            [128, 16, 625]            32                          0.01%                   4,096
│    │    └─ReLU: 3-19                   [128, 16, 625]            [128, 16, 625]            --                             --                   --
│    │    └─Conv1d: 3-20                 [128, 16, 625]            [128, 16, 625]            784                         0.24%                   62,720,000
│    └─ResidualBlock1D: 2-5              [128, 16, 625]            [128, 32, 313]            --                             --                   --
│    │    └─Sequential: 3-21             [128, 16, 625]            [128, 32, 313]            608                         0.19%                   21,803,008
│    │    └─Conv1d: 3-22                 [128, 16, 625]            [128, 32, 313]            1,568                       0.48%                   62,820,352
│    │    └─BatchNorm1d: 3-23            [128, 32, 313]            [128, 32, 313]            64                          0.02%                   8,192
│    │    └─ReLU: 3-24                   [128, 32, 313]            [128, 32, 313]            --                             --                   --
│    │    └─Conv1d: 3-25                 [128, 32, 313]            [128, 32, 313]            3,104                       0.95%                   124,358,656
│    └─ResidualBlock1D: 2-6              [128, 32, 313]            [128, 64, 157]            --                             --                   --
│    │    └─Sequential: 3-26             [128, 32, 313]            [128, 64, 157]            2,240                       0.69%                   42,459,136
│    │    └─Conv1d: 3-27                 [128, 32, 313]            [128, 64, 157]            6,208                       1.90%                   124,755,968
│    │    └─BatchNorm1d: 3-28            [128, 64, 157]            [128, 64, 157]            128                         0.04%                   16,384
│    │    └─ReLU: 3-29                   [128, 64, 157]            [128, 64, 157]            --                             --                   --
│    │    └─Conv1d: 3-30                 [128, 64, 157]            [128, 64, 157]            12,352                      3.78%                   248,225,792
├─BottleneckBlock1D: 1-3                 [128, 128, 157]           [128, 128, 157]           --                             --                   --
│    └─BatchNorm1d: 2-7                  [128, 128, 157]           [128, 128, 157]           256                         0.08%                   32,768
│    └─ReLU: 2-8                         [128, 128, 157]           [128, 128, 157]           --                             --                   --
│    └─Conv1d: 2-9                       [128, 128, 157]           [128, 128, 157]           49,280                     15.07%                   990,330,880
│    └─BatchNorm1d: 2-10                 [128, 128, 157]           [128, 128, 157]           256                         0.08%                   32,768
│    └─ReLU: 2-11                        [128, 128, 157]           [128, 128, 157]           --                             --                   --
│    └─Conv1d: 2-12                      [128, 128, 157]           [128, 128, 157]           49,280                     15.07%                   990,330,880
├─ModuleList: 1-8                        --                        --                        (recursive)               (recursive)               --
│    └─AttentionGate1D: 2-13             [128, 128, 157]           [128, 128, 157]           --                             --                   --
│    │    └─Conv1d: 3-31                 [128, 128, 157]           [128, 64, 157]            8,256                       2.52%                   165,912,576
│    │    └─Conv1d: 3-32                 [128, 128, 157]           [128, 64, 157]            8,256                       2.52%                   165,912,576
│    │    └─Conv1d: 3-33                 [128, 128, 157]           [128, 128, 157]           16,512                      5.05%                   331,825,152
│    │    └─Softmax: 3-34                [128, 157, 157]           [128, 157, 157]           --                             --                   --
│    │    └─Conv1d: 3-35                 [128, 128, 157]           [128, 128, 157]           16,512                      5.05%                   331,825,152
├─ModuleList: 1-9                        --                        --                        (recursive)               (recursive)               --
│    └─ResidualBlock1D: 2-14             [128, 256, 157]           [128, 64, 157]            --                             --                   --
│    │    └─Sequential: 3-36             [128, 256, 157]           [128, 64, 157]            16,576                      5.07%                   330,555,392
│    │    └─Conv1d: 3-37                 [128, 256, 157]           [128, 64, 157]            49,216                     15.05%                   989,044,736
│    │    └─BatchNorm1d: 3-38            [128, 64, 157]            [128, 64, 157]            128                         0.04%                   16,384
│    │    └─ReLU: 3-39                   [128, 64, 157]            [128, 64, 157]            --                             --                   --
│    │    └─Conv1d: 3-40                 [128, 64, 157]            [128, 64, 157]            12,352                      3.78%                   248,225,792
├─ModuleList: 1-8                        --                        --                        (recursive)               (recursive)               --
│    └─AttentionGate1D: 2-15             [128, 64, 313]            [128, 64, 313]            --                             --                   --
│    │    └─Conv1d: 3-41                 [128, 64, 313]            [128, 32, 313]            2,080                       0.64%                   83,333,120
│    │    └─Conv1d: 3-42                 [128, 64, 313]            [128, 32, 313]            2,080                       0.64%                   83,333,120
│    │    └─Conv1d: 3-43                 [128, 64, 313]            [128, 64, 313]            4,160                       1.27%                   166,666,240
│    │    └─Softmax: 3-44                [128, 313, 313]           [128, 313, 313]           --                             --                   --
│    │    └─Conv1d: 3-45                 [128, 64, 313]            [128, 64, 313]            4,160                       1.27%                   166,666,240
├─ModuleList: 1-9                        --                        --                        (recursive)               (recursive)               --
│    └─ResidualBlock1D: 2-16             [128, 128, 313]           [128, 32, 313]            --                             --                   --
│    │    └─Sequential: 3-46             [128, 128, 313]           [128, 32, 313]            4,192                       1.28%                   165,392,384
│    │    └─Conv1d: 3-47                 [128, 128, 313]           [128, 32, 313]            12,320                      3.77%                   493,588,480
│    │    └─BatchNorm1d: 3-48            [128, 32, 313]            [128, 32, 313]            64                          0.02%                   8,192
│    │    └─ReLU: 3-49                   [128, 32, 313]            [128, 32, 313]            --                             --                   --
│    │    └─Conv1d: 3-50                 [128, 32, 313]            [128, 32, 313]            3,104                       0.95%                   124,358,656
├─ModuleList: 1-8                        --                        --                        (recursive)               (recursive)               --
│    └─AttentionGate1D: 2-17             [128, 32, 625]            [128, 32, 625]            --                             --                   --
│    │    └─Conv1d: 3-51                 [128, 32, 625]            [128, 16, 625]            528                         0.16%                   42,240,000
│    │    └─Conv1d: 3-52                 [128, 32, 625]            [128, 16, 625]            528                         0.16%                   42,240,000
│    │    └─Conv1d: 3-53                 [128, 32, 625]            [128, 32, 625]            1,056                       0.32%                   84,480,000
│    │    └─Softmax: 3-54                [128, 625, 625]           [128, 625, 625]           --                             --                   --
│    │    └─Conv1d: 3-55                 [128, 32, 625]            [128, 32, 625]            1,056                       0.32%                   84,480,000
├─ModuleList: 1-9                        --                        --                        (recursive)               (recursive)               --
│    └─ResidualBlock1D: 2-18             [128, 64, 625]            [128, 16, 625]            --                             --                   --
│    │    └─Sequential: 3-56             [128, 64, 625]            [128, 16, 625]            1,072                       0.33%                   83,204,096
│    │    └─Conv1d: 3-57                 [128, 64, 625]            [128, 16, 625]            3,088                       0.94%                   247,040,000
│    │    └─BatchNorm1d: 3-58            [128, 16, 625]            [128, 16, 625]            32                          0.01%                   4,096
│    │    └─ReLU: 3-59                   [128, 16, 625]            [128, 16, 625]            --                             --                   --
│    │    └─Conv1d: 3-60                 [128, 16, 625]            [128, 16, 625]            784                         0.24%                   62,720,000
├─AttentionBlock: 1-10                   [128, 625, 16]            [128, 625, 16]            --                             --                   --
│    └─LayerNorm: 2-19                   [128, 625, 16]            [128, 625, 16]            32                          0.01%                   4,096
│    └─NystromAttention: 2-20            [128, 625, 16]            [128, 625, 16]            --                             --                   --
│    │    └─Linear: 3-61                 [128, 640, 16]            [128, 640, 48]            768                         0.23%                   98,304
│    │    └─Sequential: 3-62             [128, 640, 16]            [128, 640, 16]            272                         0.08%                   34,816
│    └─Identity: 2-21                    [128, 625, 16]            [128, 625, 16]            --                             --                   --
│    └─LayerNorm: 2-22                   [128, 625, 16]            [128, 625, 16]            32                          0.01%                   4,096
│    └─Identity: 2-23                    [128, 625, 16]            [128, 625, 16]            --                             --                   --
│    └─Sequential: 2-24                  [128, 625, 16]            [128, 625, 16]            --                             --                   --
│    │    └─Linear: 3-63                 [128, 625, 16]            [128, 625, 128]           2,176                       0.67%                   278,528
│    │    └─GELU: 3-64                   [128, 625, 128]           [128, 625, 128]           --                             --                   --
│    │    └─Dropout: 3-65                [128, 625, 128]           [128, 625, 128]           --                             --                   --
│    │    └─Linear: 3-66                 [128, 625, 128]           [128, 625, 16]            2,064                       0.63%                   264,192
│    │    └─Dropout: 3-67                [128, 625, 16]            [128, 625, 16]            --                             --                   --
├─Conv1d: 1-11                           [128, 16, 625]            [128, 1, 625]             17                          0.01%                   1,360,000
=====================================================================================================================================================================
Total params: 326,977
Trainable params: 326,977
Non-trainable params: 0
Total mult-adds (G): 7.87
=====================================================================================================================================================================
Input size (MB): 0.64
Forward/backward pass size (MB): 884.03
Params size (MB): 1.31
Estimated Total Size (MB): 885.98
=====================================================================================================================================================================

--- MACs and Parameters (Full Forward/Backward) ---
[INFO] Register count_convNd() for <class 'torch.nn.modules.conv.Conv1d'>.
[INFO] Register count_normalization() for <class 'torch.nn.modules.batchnorm.BatchNorm1d'>.
[INFO] Register zero_ops() for <class 'torch.nn.modules.activation.ReLU'>.
[INFO] Register zero_ops() for <class 'torch.nn.modules.container.Sequential'>.
[INFO] Register count_softmax() for <class 'torch.nn.modules.activation.Softmax'>.
[INFO] Register count_normalization() for <class 'torch.nn.modules.normalization.LayerNorm'>.
[INFO] Register count_linear() for <class 'torch.nn.modules.linear.Linear'>.
[INFO] Register zero_ops() for <class 'torch.nn.modules.dropout.Dropout'>.
EUNet has 326.9770000K params and 8.5333722G macs.
